<html>
<body>
<pre>
<h1>礦ision Build Log</h1>
<h2>Tool Versions:</h2>
IDE-Version: μVision V5.12.0.0
Copyright (C) 2014 ARM Ltd and ARM Germany GmbH. All rights reserved.
License Information: xu dell, lei, LIC=6XJWF-66TUS-GQ00H-WT6SG-UBXKD-8UEKV
 
Tool Versions:
Toolchain:       MDK-ARM Professional  Version: 5.12.0.0
Toolchain Path:  d:\Keil_v5\ARM\ARMCC\Bin
C Compiler:      Armcc.exe V5.05 (build 41)
Assembler:       Armasm.exe V5.05 (build 41)
Linker/Locator:  ArmLink.exe V5.05 (build 41)
Library Manager: ArmAr.exe V5.05 (build 41)
Hex Converter:   FromElf.exe V5.05 (build 41)
CPU DLL:         SARMCM3.DLL V5.12.0.0
Dialog DLL:      DARMSTM.DLL V1.65.0.0
    Target DLL: Segger\JL2CM3.dll
Dialog DLL:      DARMSTM.DLL V1.65.0.0
 
<h2>Project:</h2>
D:\I\物联网\程序代码\OneNET标准板\LoadApp\LoadApp.uvprojx
Project File Date:  03/02/2022

<h2>Output:</h2>
Rebuild target 'LoadApp'
compiling core_cm3.c...
compiling system_stm32f10x.c...
compiling stm32f10x_it.c...
assembling startup_stm32f10x_hd.s...
compiling misc.c...
compiling stm32f10x_rcc.c...
compiling stm32f10x_usart.c...
compiling stm32f10x_gpio.c...
compiling stm32f10x_flash.c...
compiling delay.c...
compiling usart.c...
compiling beep.c...
compiling led.c...
compiling key.c...
compiling main.c...
compiling onenet.c...
compiling EdpKit.c...
compiling esp8266.c...
linking...
Program Size: Code=10288 RO-data=852 RW-data=68 ZI-data=3316  
FromELF: creating hex file...
After Build - User command #1: fromelf.exe  --bin -o .\Objects\LoadApp.bin .\Objects\LoadApp.axf
".\Objects\LoadApp.axf" - 0 Error(s), 0 Warning(s).

<h2>Collection of Component include folders:</h2>
  D:\I\物联网\程序代码\OneNET标准板\LoadApp\RTE
  d:\Keil_v5\ARM\PACK\Keil\STM32F1xx_DFP\2.1.0

<h2>Collection of Component Files used:</h2>
</pre>
</body>
</html>

  D:\I\物联网\程序代码\OneNET标准板\LoadApp\RTE
  d:\Keil_v5\ARM\PACK\Keil\STM32F1xx_DFP\2.1.0

<h2>Collection of Component Files used:</h2>
