Component: ARM Compiler 5.05 (build 41) Tool: armlink [4d0eb9]

==============================================================================

Section Cross References

    system_stm32f10x.o(i.SetSysClock) refers to system_stm32f10x.o(i.SetSysClockTo72) for SetSysClockTo72
    system_stm32f10x.o(i.SystemCoreClockUpdate) refers to system_stm32f10x.o(.data) for SystemCoreClock
    system_stm32f10x.o(i.SystemInit) refers to system_stm32f10x.o(i.SetSysClock) for SetSysClock
    stm32f10x_it.o(.emb_text) refers to main.o(i.SVC_Handler_Main) for SVC_Handler_Main
    stm32f10x_it.o(.emb_text) refers to main.o(.data) for curr_task
    stm32f10x_it.o(.emb_text) refers to main.o(.bss) for PSP_array
    stm32f10x_it.o(i.BusFault_Handler) refers to usart.o(i.UsartPrintf) for UsartPrintf
    stm32f10x_it.o(i.HardFault_Handler) refers to usart.o(i.UsartPrintf) for UsartPrintf
    stm32f10x_it.o(i.MemManage_Handler) refers to usart.o(i.UsartPrintf) for UsartPrintf
    stm32f10x_it.o(i.SysTick_Handler) refers to delay.o(.data) for SystickTime
    stm32f10x_it.o(i.SysTick_Handler) refers to main.o(.data) for curr_task
    stm32f10x_it.o(i.UsageFault_Handler) refers to usart.o(i.UsartPrintf) for UsartPrintf
    startup_stm32f10x_hd.o(STACK) refers (Special) to heapauxi.o(.text) for __use_two_region_memory
    startup_stm32f10x_hd.o(HEAP) refers (Special) to heapauxi.o(.text) for __use_two_region_memory
    startup_stm32f10x_hd.o(RESET) refers (Special) to heapauxi.o(.text) for __use_two_region_memory
    startup_stm32f10x_hd.o(RESET) refers to startup_stm32f10x_hd.o(STACK) for __initial_sp
    startup_stm32f10x_hd.o(RESET) refers to startup_stm32f10x_hd.o(.text) for Reset_Handler
    startup_stm32f10x_hd.o(RESET) refers to stm32f10x_it.o(i.NMI_Handler) for NMI_Handler
    startup_stm32f10x_hd.o(RESET) refers to stm32f10x_it.o(i.HardFault_Handler) for HardFault_Handler
    startup_stm32f10x_hd.o(RESET) refers to stm32f10x_it.o(i.MemManage_Handler) for MemManage_Handler
    startup_stm32f10x_hd.o(RESET) refers to stm32f10x_it.o(i.BusFault_Handler) for BusFault_Handler
    startup_stm32f10x_hd.o(RESET) refers to stm32f10x_it.o(i.UsageFault_Handler) for UsageFault_Handler
    startup_stm32f10x_hd.o(RESET) refers to stm32f10x_it.o(.emb_text) for SVC_Handler
    startup_stm32f10x_hd.o(RESET) refers to stm32f10x_it.o(i.DebugMon_Handler) for DebugMon_Handler
    startup_stm32f10x_hd.o(RESET) refers to stm32f10x_it.o(i.SysTick_Handler) for SysTick_Handler
    startup_stm32f10x_hd.o(RESET) refers to stm32f10x_it.o(i.RTC_IRQHandler) for RTC_IRQHandler
    startup_stm32f10x_hd.o(RESET) refers to stm32f10x_it.o(i.EXTI0_IRQHandler) for EXTI0_IRQHandler
    startup_stm32f10x_hd.o(RESET) refers to usart.o(i.USART1_IRQHandler) for USART1_IRQHandler
    startup_stm32f10x_hd.o(RESET) refers to esp8266.o(i.USART2_IRQHandler) for USART2_IRQHandler
    startup_stm32f10x_hd.o(.text) refers (Special) to heapauxi.o(.text) for __use_two_region_memory
    startup_stm32f10x_hd.o(.text) refers to system_stm32f10x.o(i.SystemInit) for SystemInit
    startup_stm32f10x_hd.o(.text) refers to __main.o(!!!main) for __main
    startup_stm32f10x_hd.o(.text) refers to startup_stm32f10x_hd.o(HEAP) for Heap_Mem
    startup_stm32f10x_hd.o(.text) refers to startup_stm32f10x_hd.o(STACK) for Stack_Mem
    stm32f10x_rcc.o(i.RCC_GetClocksFreq) refers to stm32f10x_rcc.o(.data) for APBAHBPrescTable
    stm32f10x_rcc.o(i.RCC_WaitForHSEStartUp) refers to stm32f10x_rcc.o(i.RCC_GetFlagStatus) for RCC_GetFlagStatus
    stm32f10x_usart.o(i.USART_DeInit) refers to stm32f10x_rcc.o(i.RCC_APB2PeriphResetCmd) for RCC_APB2PeriphResetCmd
    stm32f10x_usart.o(i.USART_DeInit) refers to stm32f10x_rcc.o(i.RCC_APB1PeriphResetCmd) for RCC_APB1PeriphResetCmd
    stm32f10x_usart.o(i.USART_Init) refers to stm32f10x_rcc.o(i.RCC_GetClocksFreq) for RCC_GetClocksFreq
    stm32f10x_gpio.o(i.GPIO_AFIODeInit) refers to stm32f10x_rcc.o(i.RCC_APB2PeriphResetCmd) for RCC_APB2PeriphResetCmd
    stm32f10x_gpio.o(i.GPIO_DeInit) refers to stm32f10x_rcc.o(i.RCC_APB2PeriphResetCmd) for RCC_APB2PeriphResetCmd
    stm32f10x_flash.o(i.FLASH_EnableWriteProtection) refers to stm32f10x_flash.o(i.FLASH_WaitForLastOperation) for FLASH_WaitForLastOperation
    stm32f10x_flash.o(i.FLASH_EraseAllBank1Pages) refers to stm32f10x_flash.o(i.FLASH_WaitForLastBank1Operation) for FLASH_WaitForLastBank1Operation
    stm32f10x_flash.o(i.FLASH_EraseAllPages) refers to stm32f10x_flash.o(i.FLASH_WaitForLastOperation) for FLASH_WaitForLastOperation
    stm32f10x_flash.o(i.FLASH_EraseOptionBytes) refers to stm32f10x_flash.o(i.FLASH_GetReadOutProtectionStatus) for FLASH_GetReadOutProtectionStatus
    stm32f10x_flash.o(i.FLASH_EraseOptionBytes) refers to stm32f10x_flash.o(i.FLASH_WaitForLastOperation) for FLASH_WaitForLastOperation
    stm32f10x_flash.o(i.FLASH_ErasePage) refers to stm32f10x_flash.o(i.FLASH_WaitForLastOperation) for FLASH_WaitForLastOperation
[...]
    ../clib/printf_percent.s                 0x00000000   Number         0  _printf_llx.o ABSOLUTE
    ../clib/printf_percent.s                 0x00000000   Number         0  _printf_llo.o ABSOLUTE
    ../clib/printf_percent.s                 0x00000000   Number         0  _printf_lld.o ABSOLUTE
    ../clib/printf_percent.s                 0x00000000   Number         0  _printf_ls.o ABSOLUTE
    ../clib/printf_percent.s                 0x00000000   Number         0  _printf_lli.o ABSOLUTE
    ../clib/printf_percent.s                 0x00000000   Number         0  _printf_lc.o ABSOLUTE
    ../clib/printf_percent.s                 0x00000000   Number         0  _printf_percent_end.o ABSOLUTE
    ../clib/printf_percent.s                 0x00000000   Number         0  _printf_l.o ABSOLUTE
    ../clib/printf_percent.s                 0x00000000   Number         0  _printf_ll.o ABSOLUTE
    ../clib/scanf.c                          0x00000000   Number         0  _chval.o ABSOLUTE
    ../clib/scanf.c                          0x00000000   Number         0  _strtoul.o ABSOLUTE
    ../clib/scanf.c                          0x00000000   Number         0  strtol.o ABSOLUTE
    ../clib/scanf.c                          0x00000000   Number         0  atoi.o ABSOLUTE
    ../clib/signal.c                         0x00000000   Number         0  __raise.o ABSOLUTE
    ../clib/signal.c                         0x00000000   Number         0  defsig_pvfn_inner.o ABSOLUTE
    ../clib/signal.c                         0x00000000   Number         0  defsig_cppl_inner.o ABSOLUTE
    ../clib/signal.c                         0x00000000   Number         0  defsig_rtmem_inner.o ABSOLUTE
    ../clib/signal.c                         0x00000000   Number         0  defsig_exit.o ABSOLUTE
    ../clib/signal.c                         0x00000000   Number         0  defsig_rtred_inner.o ABSOLUTE
    ../clib/signal.c                         0x00000000   Number         0  defsig_rtmem_formal.o ABSOLUTE
    ../clib/signal.c                         0x00000000   Number         0  defsig_general.o ABSOLUTE
    ../clib/signal.c                         0x00000000   Number         0  defsig_other.o ABSOLUTE
    ../clib/signal.c                         0x00000000   Number         0  defsig_abrt_inner.o ABSOLUTE
    ../clib/signal.c                         0x00000000   Number         0  defsig_fpe_inner.o ABSOLUTE
    ../clib/signal.c                         0x00000000   Number         0  defsig_rtmem_outer.o ABSOLUTE
    ../clib/signal.c                         0x00000000   Number         0  defsig_segv_inner.o ABSOLUTE
    ../clib/signal.c                         0x00000000   Number         0  defsig_stak_inner.o ABSOLUTE
    ../clib/signal.s                         0x00000000   Number         0  defsig.o ABSOLUTE
    ../clib/stdlib.c                         0x00000000   Number         0  exit.o ABSOLUTE
    ../clib/string.c                         0x00000000   Number         0  strcat.o ABSOLUTE
    ../clib/string.c                         0x00000000   Number         0  strstr.o ABSOLUTE
    ../clib/string.c                         0x00000000   Number         0  strncat.o ABSOLUTE
    ../clib/string.c                         0x00000000   Number         0  strlen.o ABSOLUTE
    ../clib/string.c                         0x00000000   Number         0  strchr.o ABSOLUTE
    ../fplib/fpinit.s                        0x00000000   Number         0  fpinit.o ABSOLUTE
    ../fplib/istatus.s                       0x00000000   Number         0  istatus.o ABSOLUTE
    ../fplib/printf1.s                       0x00000000   Number         0  printf1.o ABSOLUTE
    ../fplib/usenofp.s                       0x00000000   Number         0  usenofp.o ABSOLUTE
    ../mathlib/fpclassify.c                  0x00000000   Number         0  fpclassify.o ABSOLUTE
    NET\EDP\EdpKit.c                         0x00000000   Number         0  edpkit.o ABSOLUTE
    NET\device\src\esp8266.c                 0x00000000   Number         0  esp8266.o ABSOLUTE
    NET\onenet\src\onenet.c                  0x00000000   Number         0  onenet.o ABSOLUTE
    core\\core_cm3.c                         0x00000000   Number         0  core_cm3.o ABSOLUTE
    core\\stm32f10x_it.c                     0x00000000   Number         0  stm32f10x_it.o ABSOLUTE
    core\core_cm3.c                          0x00000000   Number         0  core_cm3.o ABSOLUTE
    core\startup\arm\startup_stm32f10x_hd.s  0x00000000   Number         0  startup_stm32f10x_hd.o ABSOLUTE
    core\stm32f10x_it.c                      0x00000000   Number         0  stm32f10x_it.o ABSOLUTE
    core\system_stm32f10x.c                  0x00000000   Number         0  system_stm32f10x.o ABSOLUTE
    dc.s                                     0x00000000   Number         0  dc.o ABSOLUTE
    fwlib\src\misc.c                         0x00000000   Number         0  misc.o ABSOLUTE
    fwlib\src\stm32f10x_flash.c              0x00000000   Number         0  stm32f10x_flash.o ABSOLUTE
    fwlib\src\stm32f10x_gpio.c               0x00000000   Number         0  stm32f10x_gpio.o ABSOLUTE
    fwlib\src\stm32f10x_rcc.c                0x00000000   Number         0  stm32f10x_rcc.o ABSOLUTE
    fwlib\src\stm32f10x_usart.c              0x00000000   Number         0  stm32f10x_usart.o ABSOLUTE
    hardware\\src\\led.c                     0x00000000   Number         0  led.o ABSOLUTE
    hardware\src\beep.c                      0x00000000   Number         0  beep.o ABSOLUTE
    hardware\src\delay.c                     0x00000000   Number         0  delay.o ABSOLUTE
    hardware\src\key.c                       0x00000000   Number         0  key.o ABSOLUTE
    hardware\src\led.c                       0x00000000   Number         0  led.o ABSOLUTE
    hardware\src\usart.c                     0x00000000   Number         0  usart.o ABSOLUTE
    user\main.c                              0x00000000   Number         0  main.o ABSOLUTE
    RESET                                    0x08004000   Section      304  startup_stm32f10x_hd.o(RESET)
    !!!main                                  0x08004130   Section        8  __main.o(!!!main)
    !!!scatter                               0x08004138   Section       52  __scatter.o(!!!scatter)
    !!handler_copy                           0x0800416c   Section       26  __scatter_copy.o(!!handler_copy)
    !!handler_zi                             0x08004188   Section       28  __scatter_zi.o(!!handler_zi)
    .ARM.Collect$$_printf_percent$$00000000  0x080041a4   Section        0  _printf_percent.o(.ARM.Collect$$_printf_percent$$00000000)
    .ARM.Collect$$_printf_percent$$00000001  0x080041a4   Section        6  _printf_n.o(.ARM.Collect$$_printf_percent$$00000001)
    .ARM.Collect$$_printf_percent$$00000002  0x080041aa   Section        6  _printf_p.o(.ARM.Collect$$_printf_percent$$00000002)
    .ARM.Collect$$_printf_percent$$00000003  0x080041b0   Section        6  _printf_f.o(.ARM.Collect$$_printf_percent$$00000003)
    .ARM.Collect$$_printf_percent$$00000004  0x080041b6   Section        6  _printf_e.o(.ARM.Collect$$_printf_percent$$00000004)
    .ARM.Collect$$_printf_percent$$00000005  0x080041bc   Section        6  _printf_g.o(.ARM.Collect$$_printf_percent$$00000005)
    .ARM.Collect$$_printf_percent$$00000006  0x080041c2   Section        6  _printf_a.o(.ARM.Collect$$_printf_percent$$00000006)
    .ARM.Collect$$_printf_percent$$00000007  0x080041c8   Section       10  _printf_ll.o(.ARM.Collect$$_printf_percent$$00000007)
    .ARM.Collect$$_printf_percent$$00000008  0x080041d2   Section        6  _printf_i.o(.ARM.Collect$$_printf_percent$$00000008)
    .ARM.Collect$$_printf_percent$$00000009  0x080041d8   Section        6  _printf_d.o(.ARM.Collect$$_printf_percent$$00000009)
    .ARM.Collect$$_printf_percent$$0000000A  0x080041de   Section        6  _printf_u.o(.ARM.Collect$$_printf_percent$$0000000A)
    .ARM.Collect$$_printf_percent$$0000000B  0x080041e4   Section        6  _printf_o.o(.ARM.Collect$$_printf_percent$$0000000B)
    .ARM.Collect$$_printf_percent$$0000000C  0x080041ea   Section        6  _printf_x.o(.ARM.Collect$$_printf_percent$$0000000C)
    .ARM.Collect$$_printf_percent$$0000000D  0x080041f0   Section        6  _printf_lli.o(.ARM.Collect$$_printf_percent$$0000000D)
    .ARM.Collect$$_printf_percent$$0000000E  0x080041f6   Section        6  _printf_lld.o(.ARM.Collect$$_printf_percent$$0000000E)
    .ARM.Collect$$_printf_percent$$0000000F  0x080041fc   Section        6  _printf_llu.o(.ARM.Collect$$_printf_percent$$0000000F)
    .ARM.Collect$$_printf_percent$$00000010  0x08004202   Section        6  _printf_llo.o(.ARM.Collect$$_printf_percent$$00000010)
    .ARM.Collect$$_printf_percent$$00000011  0x08004208   Section        6  _printf_llx.o(.ARM.Collect$$_printf_percent$$00000011)
    .ARM.Collect$$_printf_percent$$00000012  0x0800420e   Section       10  _printf_l.o(.ARM.Collect$$_printf_percent$$00000012)
    .ARM.Collect$$_printf_percent$$00000013  0x08004218   Section        6  _printf_c.o(.ARM.Collect$$_printf_percent$$00000013)
    .ARM.Collect$$_printf_percent$$00000014  0x0800421e   Section        6  _printf_s.o(.ARM.Collect$$_printf_percent$$00000014)
    .ARM.Collect$$_printf_percent$$00000015  0x08004224   Section        6  _printf_lc.o(.ARM.Collect$$_printf_percent$$00000015)
    .ARM.Collect$$_printf_percent$$00000016  0x0800422a   Section        6  _printf_ls.o(.ARM.Collect$$_printf_percent$$00000016)
    .ARM.Collect$$_printf_percent$$00000017  0x08004230   Section        4  _printf_percent_end.o(.ARM.Collect$$_printf_percent$$00000017)
    .ARM.Collect$$libinit$$00000000          0x08004234   Section        2  libinit.o(.ARM.Collect$$libinit$$00000000)
    .ARM.Collect$$libinit$$00000002          0x08004236   Section        0  libinit2.o(.ARM.Collect$$libinit$$00000002)
    .ARM.Collect$$libinit$$00000004          0x08004236   Section        0  libinit2.o(.ARM.Collect$$libinit$$00000004)
    .ARM.Collect$$libinit$$0000000A          0x08004236   Section        0  libinit2.o(.ARM.Collect$$libinit$$0000000A)
    .ARM.Collect$$libinit$$0000000C          0x08004236   Section        0  libinit2.o(.ARM.Collect$$libinit$$0000000C)
    .ARM.Collect$$libinit$$0000000E          0x08004236   Section        0  libinit2.o(.ARM.Collect$$libinit$$0000000E)
    .ARM.Collect$$libinit$$0000000F          0x08004236   Section        6  libinit2.o(.ARM.Collect$$libinit$$0000000F)
    .ARM.Collect$$libinit$$00000011          0x0800423c   Section        0  libinit2.o(.ARM.Collect$$libinit$$00000011)
    .ARM.Collect$$libinit$$00000012          0x0800423c   Section       12  libinit2.o(.ARM.Collect$$libinit$$00000012)
    .ARM.Collect$$libinit$$00000013          0x08004248   Section        0  libinit2.o(.ARM.Collect$$libinit$$00000013)
    .ARM.Collect$$libinit$$00000015          0x08004248   Section        0  libinit2.o(.ARM.Collect$$libinit$$00000015)
    .ARM.Collect$$libinit$$00000016          0x08004248   Section       10  libinit2.o(.ARM.Collect$$libinit$$00000016)
    .ARM.Collect$$libinit$$00000017          0x08004252   Section        0  libinit2.o(.ARM.Collect$$libinit$$00000017)
    .ARM.Collect$$libinit$$00000019          0x08004252   Section        0  libinit2.o(.ARM.Collect$$libinit$$00000019)
    .ARM.Collect$$libinit$$0000001B          0x08004252   Section        0  libinit2.o(.ARM.Collect$$libinit$$0000001B)
    .ARM.Collect$$libinit$$0000001D          0x08004252   Section        0  libinit2.o(.ARM.Collect$$libinit$$0000001D)
    .ARM.Collect$$libinit$$0000001F          0x08004252   Section        0  libinit2.o(.ARM.Collect$$libinit$$0000001F)
    .ARM.Collect$$libinit$$00000021          0x08004252   Section        0  libinit2.o(.ARM.Collect$$libinit$$00000021)
    .ARM.Collect$$libinit$$00000023          0x08004252   Section        0  libinit2.o(.ARM.Collect$$libinit$$00000023)
    .ARM.Collect$$libinit$$00000025          0x08004252   Section        0  libinit2.o(.ARM.Collect$$libinit$$00000025)
    .ARM.Collect$$libinit$$0000002C          0x08004252   Section        0  libinit2.o(.ARM.Collect$$libinit$$0000002C)
    .ARM.Collect$$libinit$$0000002E          0x08004252   Section        0  libinit2.o(.ARM.Collect$$libinit$$0000002E)
    .ARM.Collect$$libinit$$00000030          0x08004252   Section        0  libinit2.o(.ARM.Collect$$libinit$$00000030)
    .ARM.Collect$$libinit$$00000032          0x08004252   Section        0  libinit2.o(.ARM.Collect$$libinit$$00000032)
    .ARM.Collect$$libinit$$00000033          0x08004252   Section        2  libinit2.o(.ARM.Collect$$libinit$$00000033)
    .ARM.Collect$$libshutdown$$00000000      0x08004254   Section        2  libshutdown.o(.ARM.Collect$$libshutdown$$00000000)
    .ARM.Collect$$libshutdown$$00000003      0x08004256   Section        0  libshutdown2.o(.ARM.Collect$$libshutdown$$00000003)
    .ARM.Collect$$libshutdown$$00000006      0x08004256   Section        0  libshutdown2.o(.ARM.Collect$$libshutdown$$00000006)
    .ARM.Collect$$libshutdown$$00000009      0x08004256   Section        0  libshutdown2.o(.ARM.Collect$$libshutdown$$00000009)
    .ARM.Collect$$libshutdown$$0000000B      0x08004256   Section        0  libshutdown2.o(.ARM.Collect$$libshutdown$$0000000B)
    .ARM.Collect$$libshutdown$$0000000E      0x08004256   Section        0  libshutdown2.o(.ARM.Collect$$libshutdown$$0000000E)
    .ARM.Collect$$libshutdown$$0000000F      0x08004256   Section        2  libshutdown2.o(.ARM.Collect$$libshutdown$$0000000F)
    .ARM.Collect$$rtentry$$00000000          0x08004258   Section        0  __rtentry.o(.ARM.Collect$$rtentry$$00000000)
    .ARM.Collect$$rtentry$$00000002          0x08004258   Section        0  __rtentry2.o(.ARM.Collect$$rtentry$$00000002)
    .ARM.Collect$$rtentry$$00000004          0x08004258   Section        6  __rtentry4.o(.ARM.Collect$$rtentry$$00000004)
    .ARM.Collect$$rtentry$$00000009          0x0800425e   Section        0  __rtentry2.o(.ARM.Collect$$rtentry$$00000009)
    .ARM.Collect$$rtentry$$0000000A          0x0800425e   Section        4  __rtentry2.o(.ARM.Collect$$rtentry$$0000000A)
    .ARM.Collect$$rtentry$$0000000C          0x08004262   Section        0  __rtentry2.o(.ARM.Collect$$rtentry$$0000000C)
    .ARM.Collect$$rtentry$$0000000D          0x08004262   Section        8  __rtentry2.o(.ARM.Collect$$rtentry$$0000000D)
    .ARM.Collect$$rtexit$$00000000           0x0800426a   Section        2  rtexit.o(.ARM.Collect$$rtexit$$00000000)
    .ARM.Collect$$rtexit$$00000002           0x0800426c   Section        0  rtexit2.o(.ARM.Collect$$rtexit$$00000002)
    .ARM.Collect$$rtexit$$00000003           0x0800426c   Section        4  rtexit2.o(.ARM.Collect$$rtexit$$00000003)
    .ARM.Collect$$rtexit$$00000004           0x08004270   Section        6  rtexit2.o(.ARM.Collect$$rtexit$$00000004)
    .emb_text                                0x08004278   Section       32  core_cm3.o(.emb_text)
    .emb_text                                0x08004298   Section       92  stm32f10x_it.o(.emb_text)
    .text                                    0x080042f4   Section       64  startup_stm32f10x_hd.o(.text)
    .text                                    0x08004334   Section        0  c89vsnprintf.o(.text)
    .text                                    0x08004368   Section        0  _printf_dec.o(.text)
    .text                                    0x080043e0   Section        0  __printf_flags_ss_wp.o(.text)
    .text                                    0x08004568   Section        0  heapauxi.o(.text)
    .text                                    0x0800456e   Section        0  _printf_pad.o(.text)
    .text                                    0x080045bc   Section        0  _printf_truncate.o(.text)
    .text                                    0x080045e0   Section        0  _printf_str.o(.text)
    .text                                    0x08004632   Section        0  _printf_intcommon.o(.text)
    .text                                    0x080046e4   Section        0  _printf_charcount.o(.text)
    .text                                    0x0800470c   Section        0  _printf_char_common.o(.text)
    _printf_input_char                       0x0800470d   Thumb Code    10  _printf_char_common.o(.text)
    .text                                    0x0800473c   Section        0  _sputc.o(.text)
    .text                                    0x08004746   Section        0  _snputc.o(.text)
    .text                                    0x08004758   Section        0  _printf_wctomb.o(.text)
    .text                                    0x08004814   Section        0  _printf_longlong_dec.o(.text)
    .text                                    0x08004890   Section        0  _printf_oct_int_ll.o(.text)
    _printf_longlong_oct_internal            0x08004891   Thumb Code     0  _printf_oct_int_ll.o(.text)
    .text                                    0x08004900   Section        0  _printf_hex_int_ll_ptr.o(.text)
    _printf_hex_common                       0x08004901   Thumb Code     0  _printf_hex_int_ll_ptr.o(.text)
    .text                                    0x08004994   Section        8  libspace.o(.text)
    .text                                    0x0800499c   Section       16  rt_ctype_table.o(.text)
    .text                                    0x080049ac   Section      138  lludiv10.o(.text)
    .text                                    0x08004a36   Section        0  _printf_fp_dec.o(.text)
    _fp_digits                               0x08004a39   Thumb Code   428  _printf_fp_dec.o(.text)
    .text                                    0x08004e50   Section        0  _printf_char.o(.text)
    .text                                    0x08004e7c   Section        0  _printf_wchar.o(.text)
    .text                                    0x08004ea8   Section        0  _wcrtomb.o(.text)
    .text                                    0x08004ee8   Section        2  use_no_semi.o(.text)
    .text                                    0x08004eea   Section        0  indicate_semi.o(.text)
    .text                                    0x08004eea   Section       74  sys_stackheap_outer.o(.text)
    .text                                    0x08004f34   Section        8  rt_locale_intlibspace.o(.text)
    .text                                    0x08004f3c   Section        0  _printf_fp_infnan.o(.text)
    .text                                    0x08004fbc   Section        0  bigflt0.o(.text)
    .text                                    0x08005098   Section        0  exit.o(.text)
    .text                                    0x080050a4   Section        0  sys_exit.o(.text)
    .text                                    0x080050b0   Section      128  strcmpv7m.o(.text)
    CL$$btod_d2e                             0x08005130   Section       62  btod.o(CL$$btod_d2e)
    CL$$btod_d2e_denorm_low                  0x0800516e   Section       70  btod.o(CL$$btod_d2e_denorm_low)
    CL$$btod_d2e_norm_op1                    0x080051b4   Section       96  btod.o(CL$$btod_d2e_norm_op1)
    CL$$btod_div_common                      0x08005214   Section      824  btod.o(CL$$btod_div_common)
    CL$$btod_e2e                             0x0800554c   Section      198  btod.o(CL$$btod_e2e)
    CL$$btod_ediv                            0x08005612   Section       40  btod.o(CL$$btod_ediv)
    CL$$btod_emul                            0x0800563a   Section       40  btod.o(CL$$btod_emul)
    CL$$btod_mult_common                     0x08005662   Section      580  btod.o(CL$$btod_mult_common)
    i.BusFault_Handler                       0x080058a8   Section        0  stm32f10x_it.o(i.BusFault_Handler)
    i.DebugMon_Handler                       0x080058f4   Section        0  stm32f10x_it.o(i.DebugMon_Handler)
    i.DelayXms                               0x080058f8   Section        0  delay.o(i.DelayXms)
    i.Delay_Init                             0x0800593c   Section        0  delay.o(i.Delay_Init)
    i.EXTI0_IRQHandler                       0x08005978   Section        0  stm32f10x_it.o(i.EXTI0_IRQHandler)
    i.FLASH_PrefetchBufferCmd                0x0800597c   Section        0  stm32f10x_flash.o(i.FLASH_PrefetchBufferCmd)
    i.FLASH_SetLatency                       0x08005998   Section        0  stm32f10x_flash.o(i.FLASH_SetLatency)
    i.GPIO_Init                              0x080059b0   Section        0  stm32f10x_gpio.o(i.GPIO_Init)
    i.GPIO_WriteBit                          0x08005ac6   Section        0  stm32f10x_gpio.o(i.GPIO_WriteBit)
    i.HardFault_Handler                      0x08005ad0   Section        0  stm32f10x_it.o(i.HardFault_Handler)
    i.Hardware_Init                          0x08005b1c   Section        0  main.o(i.Hardware_Init)
    i.Led4_Set                               0x08005b44   Section        0  led.o(i.Led4_Set)
    i.Led5_Set                               0x08005b74   Section        0  led.o(i.Led5_Set)
    i.Led6_Set                               0x08005ba4   Section        0  led.o(i.Led6_Set)
    i.Led7_Set                               0x08005bd4   Section        0  led.o(i.Led7_Set)
    i.Led_Init                               0x08005c04   Section        0  led.o(i.Led_Init)
    i.MemManage_Handler                      0x08005c84   Section        0  stm32f10x_it.o(i.MemManage_Handler)
    i.NMI_Handler                            0x08005cd0   Section        0  stm32f10x_it.o(i.NMI_Handler)
    i.NVIC_Init                              0x08005cd4   Section        0  misc.o(i.NVIC_Init)
    i.NVIC_PriorityGroupConfig               0x08005d44   Section        0  misc.o(i.NVIC_PriorityGroupConfig)
    i.NVIC_SetPriority                       0x08005d58   Section        0  main.o(i.NVIC_SetPriority)
    NVIC_SetPriority                         0x08005d59   Thumb Code    32  main.o(i.NVIC_SetPriority)
    i.RCC_AHBPeriphClockCmd                  0x08005d80   Section        0  stm32f10x_rcc.o(i.RCC_AHBPeriphClockCmd)
    i.RCC_APB1PeriphClockCmd                 0x08005da0   Section        0  stm32f10x_rcc.o(i.RCC_APB1PeriphClockCmd)
    i.RCC_APB2PeriphClockCmd                 0x08005dc0   Section        0  stm32f10x_rcc.o(i.RCC_APB2PeriphClockCmd)
    i.RCC_Configuration                      0x08005de0   Section        0  main.o(i.RCC_Configuration)
    i.RCC_DeInit                             0x08005e68   Section        0  stm32f10x_rcc.o(i.RCC_DeInit)
    i.RCC_GetClocksFreq                      0x08005eb4   Section        0  stm32f10x_rcc.o(i.RCC_GetClocksFreq)
    i.RCC_GetFlagStatus                      0x08005f88   Section        0  stm32f10x_rcc.o(i.RCC_GetFlagStatus)
    i.RCC_GetSYSCLKSource                    0x08005fc4   Section        0  stm32f10x_rcc.o(i.RCC_GetSYSCLKSource)
    i.RCC_HCLKConfig                         0x08005fd4   Section        0  stm32f10x_rcc.o(i.RCC_HCLKConfig)
    i.RCC_HSEConfig                          0x08005fec   Section        0  stm32f10x_rcc.o(i.RCC_HSEConfig)
    i.RCC_PCLK1Config                        0x08006038   Section        0  stm32f10x_rcc.o(i.RCC_PCLK1Config)
    i.RCC_PCLK2Config                        0x08006050   Section        0  stm32f10x_rcc.o(i.RCC_PCLK2Config)
    i.RCC_PLLCmd                             0x08006068   Section        0  stm32f10x_rcc.o(i.RCC_PLLCmd)
    i.RCC_PLLConfig                          0x08006074   Section        0  stm32f10x_rcc.o(i.RCC_PLLConfig)
    i.RCC_SYSCLKConfig                       0x08006090   Section        0  stm32f10x_rcc.o(i.RCC_SYSCLKConfig)
    i.RCC_WaitForHSEStartUp                  0x080060a8   Section        0  stm32f10x_rcc.o(i.RCC_WaitForHSEStartUp)
    i.RTC_IRQHandler                         0x080060e0   Section        0  stm32f10x_it.o(i.RTC_IRQHandler)
    i.SVC_Handler_Main                       0x080060e2   Section        0  main.o(i.SVC_Handler_Main)
    i.SetSysClock                            0x08006116   Section        0  system_stm32f10x.o(i.SetSysClock)
    SetSysClock                              0x08006117   Thumb Code     8  system_stm32f10x.o(i.SetSysClock)
    i.SetSysClockTo72                        0x08006120   Section        0  system_stm32f10x.o(i.SetSysClockTo72)
    SetSysClockTo72                          0x08006121   Thumb Code   214  system_stm32f10x.o(i.SetSysClockTo72)
    i.SysTick_Handler                        0x08006200   Section        0  stm32f10x_it.o(i.SysTick_Handler)
    i.SystemInit                             0x08006268   Section        0  system_stm32f10x.o(i.SystemInit)
    i.USART1_IRQHandler                      0x080062c8   Section        0  usart.o(i.USART1_IRQHandler)
    i.USART2_IRQHandler                      0x080062e4   Section        0  esp8266.o(i.USART2_IRQHandler)
    i.USART_ClearFlag                        0x08006330   Section        0  stm32f10x_usart.o(i.USART_ClearFlag)
    i.USART_Cmd                              0x08006342   Section        0  stm32f10x_usart.o(i.USART_Cmd)
    i.USART_GetFlagStatus                    0x0800635a   Section        0  stm32f10x_usart.o(i.USART_GetFlagStatus)
    i.USART_GetITStatus                      0x08006374   Section        0  stm32f10x_usart.o(i.USART_GetITStatus)
    i.USART_ITConfig                         0x080063c8   Section        0  stm32f10x_usart.o(i.USART_ITConfig)
    i.USART_Init                             0x08006414   Section        0  stm32f10x_usart.o(i.USART_Init)
    i.USART_SendData                         0x080064ec   Section        0  stm32f10x_usart.o(i.USART_SendData)
    i.UsageFault_Handler                     0x080064f4   Section        0  stm32f10x_it.o(i.UsageFault_Handler)
    i.Usart1_Init                            0x08006544   Section        0  usart.o(i.Usart1_Init)
    i.Usart2_Init                            0x080065f4   Section        0  usart.o(i.Usart2_Init)
    i.UsartPrintf                            0x080066a0   Section        0  usart.o(i.UsartPrintf)
    i.__ARM_fpclassify                       0x080066e8   Section        0  fpclassify.o(i.__ARM_fpclassify)
    i._is_digit                              0x08006710   Section        0  __printf_wp.o(i._is_digit)
    i.main                                   0x08006720   Section        0  main.o(i.main)
    i.task0                                  0x0800682c   Section        0  main.o(i.task0)
    i.task1                                  0x08006860   Section        0  main.o(i.task1)
    i.task2                                  0x08006894   Section        0  main.o(i.task2)
    i.task3                                  0x080068cc   Section        0  main.o(i.task3)
    locale$$code                             0x08006904   Section       44  lc_ctype_c.o(locale$$code)
    locale$$code                             0x08006930   Section       44  lc_numeric_c.o(locale$$code)
    x$fpl$printf1                            0x0800695c   Section        4  printf1.o(x$fpl$printf1)
    .constdata                               0x08006960   Section       17  __printf_flags_ss_wp.o(.constdata)
    x$fpl$usenofp                            0x08006960   Section        0  usenofp.o(x$fpl$usenofp)
    maptable                                 0x08006960   Data          17  __printf_flags_ss_wp.o(.constdata)
    .constdata                               0x08006974   Section        8  _printf_wctomb.o(.constdata)
    initial_mbstate                          0x08006974   Data           8  _printf_wctomb.o(.constdata)
    .constdata                               0x0800697c   Section       40  _printf_hex_int_ll_ptr.o(.constdata)
    uc_hextab                                0x0800697c   Data          20  _printf_hex_int_ll_ptr.o(.constdata)
    lc_hextab                                0x08006990   Data          20  _printf_hex_int_ll_ptr.o(.constdata)
    .constdata                               0x080069a4   Section      148  bigflt0.o(.constdata)
    tenpwrs_x                                0x080069a4   Data          60  bigflt0.o(.constdata)
    tenpwrs_i                                0x080069e0   Data          64  bigflt0.o(.constdata)
    locale$$data                             0x08006a58   Section      272  lc_ctype_c.o(locale$$data)
    __lcctype_c_name                         0x08006a5c   Data           2  lc_ctype_c.o(locale$$data)
    __lcctype_c_start                        0x08006a64   Data           0  lc_ctype_c.o(locale$$data)
    locale$$data                             0x08006b68   Section       28  lc_numeric_c.o(locale$$data)
    __lcctype_c_end                          0x08006b68   Data           0  lc_ctype_c.o(locale$$data)
    __lcnum_c_name                           0x08006b6c   Data           2  lc_numeric_c.o(locale$$data)
    __lcnum_c_start                          0x08006b74   Data           0  lc_numeric_c.o(locale$$data)
    __lcnum_c_point                          0x08006b80   Data           0  lc_numeric_c.o(locale$$data)
    __lcnum_c_thousands                      0x08006b82   Data           0  lc_numeric_c.o(locale$$data)
    __lcnum_c_grouping                       0x08006b83   Data           0  lc_numeric_c.o(locale$$data)
    __lcnum_c_end                            0x08006b84   Data           0  lc_numeric_c.o(locale$$data)
    .data                                    0x20000000   Section       20  stm32f10x_rcc.o(.data)
    APBAHBPrescTable                         0x20000000   Data          16  stm32f10x_rcc.o(.data)
    ADCPrescTable                            0x20000010   Data           4  stm32f10x_rcc.o(.data)
    .data                                    0x20000014   Section       16  delay.o(.data)
    .data                                    0x20000024   Section        4  led.o(.data)
    .data                                    0x20000028   Section       24  main.o(.data)
    .data                                    0x20000040   Section        4  esp8266.o(.data)
    .bss                                     0x20000048   Section     1040  main.o(.bss)
    .bss                                     0x20000458   Section      128  esp8266.o(.bss)
    .bss                                     0x200004d8   Section       96  libspace.o(.bss)
    HEAP                                     0x20000538   Section     1024  startup_stm32f10x_hd.o(HEAP)
    Heap_Mem                                 0x20000538   Data        1024  startup_stm32f10x_hd.o(HEAP)
    STACK                                    0x20000938   Section     1024  startup_stm32f10x_hd.o(STACK)
    Stack_Mem                                0x20000938   Data        1024  startup_stm32f10x_hd.o(STACK)
    __initial_sp                             0x20000d38   Data           0  startup_stm32f10x_hd.o(STACK)

    Global Symbols

    Symbol Name                              Value     Ov Type        Size  Object(Section)

    BuildAttributes$$THM_ISAv4$P$D$K$B$S$PE$A:L22UL41UL21$X:L11$S22US41US21$IEEE1$IW$USESV6$~STKCKD$USESV7$~SHL$OTIME$ROPI$IEEEJ$EBA8$UX$STANDARDLIB$REQ8$PRES8$EABIv2 0x00000000   Number         0  anon$$obj.o ABSOLUTE
    __ARM_use_no_argv                        0x00000000   Number         0  main.o ABSOLUTE
    _printf_flags                            0x00000000   Number         0  printf_stubs.o ABSOLUTE
    _printf_return_value                     0x00000000   Number         0  printf_stubs.o ABSOLUTE
    _printf_sizespec                         0x00000000   Number         0  printf_stubs.o ABSOLUTE
    _printf_widthprec                        0x00000000   Number         0  printf_stubs.o ABSOLUTE
    __ARM_exceptions_init                     - Undefined Weak Reference
    __alloca_initialize                       - Undefined Weak Reference
    __arm_preinit_                            - Undefined Weak Reference
    __cpp_initialize__aeabi_                  - Undefined Weak Reference
    __cxa_finalize                            - Undefined Weak Reference
    __sigvec_lookup                           - Undefined Weak Reference
    __user_heap_extent                        - Undefined Weak Reference
    _atexit_init                              - Undefined Weak Reference
    _call_atexit_fns                          - Undefined Weak Reference
    _clock_init                               - Undefined Weak Reference
    _fp_trap_init                             - Undefined Weak Reference
    _fp_trap_shutdown                         - Undefined Weak Reference
    _get_lc_collate                           - Undefined Weak Reference
    _get_lc_monetary                          - Undefined Weak Reference
    _get_lc_time                              - Undefined Weak Reference
    _getenv_init                              - Undefined Weak Reference
    _handle_redirection                       - Undefined Weak Reference
    _initio                                   - Undefined Weak Reference
    _mutex_acquire                            - Undefined Weak Reference
    _mutex_free                               - Undefined Weak Reference
    _mutex_release                            - Undefined Weak Reference
    _printf_fp_hex                            - Undefined Weak Reference
    _printf_mbtowc                            - Undefined Weak Reference
    _printf_wc                                - Undefined Weak Reference
    _rand_init                                - Undefined Weak Reference
    _signal_finish                            - Undefined Weak Reference
    _signal_init                              - Undefined Weak Reference
    _terminateio                              - Undefined Weak Reference
    __Vectors_Size                           0x00000130   Number         0  startup_stm32f10x_hd.o ABSOLUTE
    __Vectors                                0x08004000   Data           4  startup_stm32f10x_hd.o(RESET)
    __Vectors_End                            0x08004130   Data           0  startup_stm32f10x_hd.o(RESET)
    __main                                   0x08004131   Thumb Code     8  __main.o(!!!main)
    __scatterload                            0x08004139   Thumb Code     0  __scatter.o(!!!scatter)
    __scatterload_rt2                        0x08004139   Thumb Code    44  __scatter.o(!!!scatter)
    __scatterload_rt2_thumb_only             0x08004139   Thumb Code     0  __scatter.o(!!!scatter)
    __scatterload_null                       0x08004147   Thumb Code     0  __scatter.o(!!!scatter)
    __scatterload_copy                       0x0800416d   Thumb Code    26  __scatter_copy.o(!!handler_copy)
    __scatterload_zeroinit                   0x08004189   Thumb Code    28  __scatter_zi.o(!!handler_zi)
    _printf_n                                0x080041a5   Thumb Code     0  _printf_n.o(.ARM.Collect$$_printf_percent$$00000001)
    _printf_percent                          0x080041a5   Thumb Code     0  _printf_percent.o(.ARM.Collect$$_printf_percent$$00000000)
    _printf_p                                0x080041ab   Thumb Code     0  _printf_p.o(.ARM.Collect$$_printf_percent$$00000002)
    _printf_f                                0x080041b1   Thumb Code     0  _printf_f.o(.ARM.Collect$$_printf_percent$$00000003)
    _printf_e                                0x080041b7   Thumb Code     0  _printf_e.o(.ARM.Collect$$_printf_percent$$00000004)
    _printf_g                                0x080041bd   Thumb Code     0  _printf_g.o(.ARM.Collect$$_printf_percent$$00000005)
    _printf_a                                0x080041c3   Thumb Code     0  _printf_a.o(.ARM.Collect$$_printf_percent$$00000006)
    _printf_ll                               0x080041c9   Thumb Code     0  _printf_ll.o(.ARM.Collect$$_printf_percent$$00000007)
    _printf_i                                0x080041d3   Thumb Code     0  _printf_i.o(.ARM.Collect$$_printf_percent$$00000008)
    _printf_d                                0x080041d9   Thumb Code     0  _printf_d.o(.ARM.Collect$$_printf_percent$$00000009)
    _printf_u                                0x080041df   Thumb Code     0  _printf_u.o(.ARM.Collect$$_printf_percent$$0000000A)
    _printf_o                                0x080041e5   Thumb Code     0  _printf_o.o(.ARM.Collect$$_printf_percent$$0000000B)
    _printf_x                                0x080041eb   Thumb Code     0  _printf_x.o(.ARM.Collect$$_printf_percent$$0000000C)
    _printf_lli                              0x080041f1   Thumb Code     0  _printf_lli.o(.ARM.Collect$$_printf_percent$$0000000D)
    _printf_lld                              0x080041f7   Thumb Code     0  _printf_lld.o(.ARM.Collect$$_printf_percent$$0000000E)
    _printf_llu                              0x080041fd   Thumb Code     0  _printf_llu.o(.ARM.Collect$$_printf_percent$$0000000F)
    _printf_llo                              0x08004203   Thumb Code     0  _printf_llo.o(.ARM.Collect$$_printf_percent$$00000010)
    _printf_llx                              0x08004209   Thumb Code     0  _printf_llx.o(.ARM.Collect$$_printf_percent$$00000011)
    _printf_l                                0x0800420f   Thumb Code     0  _printf_l.o(.ARM.Collect$$_printf_percent$$00000012)
    _printf_c                                0x08004219   Thumb Code     0  _printf_c.o(.ARM.Collect$$_printf_percent$$00000013)
    _printf_s                                0x0800421f   Thumb Code     0  _printf_s.o(.ARM.Collect$$_printf_percent$$00000014)
    _printf_lc                               0x08004225   Thumb Code     0  _printf_lc.o(.ARM.Collect$$_printf_percent$$00000015)
    _printf_ls                               0x0800422b   Thumb Code     0  _printf_ls.o(.ARM.Collect$$_printf_percent$$00000016)
    _printf_percent_end                      0x08004231   Thumb Code     0  _printf_percent_end.o(.ARM.Collect$$_printf_percent$$00000017)
    __rt_lib_init                            0x08004235   Thumb Code     0  libinit.o(.ARM.Collect$$libinit$$00000000)
    __rt_lib_init_fp_1                       0x08004237   Thumb Code     0  libinit2.o(.ARM.Collect$$libinit$$00000002)
    __rt_lib_init_heap_1                     0x08004237   Thumb Code     0  libinit2.o(.ARM.Collect$$libinit$$0000000A)
    __rt_lib_init_lc_common                  0x08004237   Thumb Code     0  libinit2.o(.ARM.Collect$$libinit$$0000000F)
    __rt_lib_init_preinit_1                  0x08004237   Thumb Code     0  libinit2.o(.ARM.Collect$$libinit$$00000004)
    __rt_lib_init_rand_1                     0x08004237   Thumb Code     0  libinit2.o(.ARM.Collect$$libinit$$0000000E)
    __rt_lib_init_user_alloc_1               0x08004237   Thumb Code     0  libinit2.o(.ARM.Collect$$libinit$$0000000C)
    __rt_lib_init_lc_collate_1               0x0800423d   Thumb Code     0  libinit2.o(.ARM.Collect$$libinit$$00000011)
    __rt_lib_init_lc_ctype_2                 0x0800423d   Thumb Code     0  libinit2.o(.ARM.Collect$$libinit$$00000012)
    __rt_lib_init_lc_ctype_1                 0x08004249   Thumb Code     0  libinit2.o(.ARM.Collect$$libinit$$00000013)
    __rt_lib_init_lc_monetary_1              0x08004249   Thumb Code     0  libinit2.o(.ARM.Collect$$libinit$$00000015)
    __rt_lib_init_lc_numeric_2               0x08004249   Thumb Code     0  libinit2.o(.ARM.Collect$$libinit$$00000016)
    __rt_lib_init_alloca_1                   0x08004253   Thumb Code     0  libinit2.o(.ARM.Collect$$libinit$$0000002E)
    __rt_lib_init_argv_1                     0x08004253   Thumb Code     0  libinit2.o(.ARM.Collect$$libinit$$0000002C)
    __rt_lib_init_atexit_1                   0x08004253   Thumb Code     0  libinit2.o(.ARM.Collect$$libinit$$0000001B)
    __rt_lib_init_clock_1                    0x08004253   Thumb Code     0  libinit2.o(.ARM.Collect$$libinit$$00000021)
    __rt_lib_init_cpp_1                      0x08004253   Thumb Code     0  libinit2.o(.ARM.Collect$$libinit$$00000032)
    __rt_lib_init_exceptions_1               0x08004253   Thumb Code     0  libinit2.o(.ARM.Collect$$libinit$$00000030)
    __rt_lib_init_fp_trap_1                  0x08004253   Thumb Code     0  libinit2.o(.ARM.Collect$$libinit$$0000001F)
    __rt_lib_init_getenv_1                   0x08004253   Thumb Code     0  libinit2.o(.ARM.Collect$$libinit$$00000023)
    __rt_lib_init_lc_numeric_1               0x08004253   Thumb Code     0  libinit2.o(.ARM.Collect$$libinit$$00000017)
    __rt_lib_init_lc_time_1                  0x08004253   Thumb Code     0  libinit2.o(.ARM.Collect$$libinit$$00000019)
    __rt_lib_init_return                     0x08004253   Thumb Code     0  libinit2.o(.ARM.Collect$$libinit$$00000033)
    __rt_lib_init_signal_1                   0x08004253   Thumb Code     0  libinit2.o(.ARM.Collect$$libinit$$0000001D)
    __rt_lib_init_stdio_1                    0x08004253   Thumb Code     0  libinit2.o(.ARM.Collect$$libinit$$00000025)
    __rt_lib_shutdown                        0x08004255   Thumb Code     0  libshutdown.o(.ARM.Collect$$libshutdown$$00000000)
    __rt_lib_shutdown_fp_trap_1              0x08004257   Thumb Code     0  libshutdown2.o(.ARM.Collect$$libshutdown$$00000006)
    __rt_lib_shutdown_heap_1                 0x08004257   Thumb Code     0  libshutdown2.o(.ARM.Collect$$libshutdown$$0000000E)
    __rt_lib_shutdown_return                 0x08004257   Thumb Code     0  libshutdown2.o(.ARM.Collect$$libshutdown$$0000000F)
    __rt_lib_shutdown_signal_1               0x08004257   Thumb Code     0  libshutdown2.o(.ARM.Collect$$libshutdown$$00000009)
    __rt_lib_shutdown_stdio_1                0x08004257   Thumb Code     0  libshutdown2.o(.ARM.Collect$$libshutdown$$00000003)
    __rt_lib_shutdown_user_alloc_1           0x08004257   Thumb Code     0  libshutdown2.o(.ARM.Collect$$libshutdown$$0000000B)
    __rt_entry                               0x08004259   Thumb Code     0  __rtentry.o(.ARM.Collect$$rtentry$$00000000)
    __rt_entry_presh_1                       0x08004259   Thumb Code     0  __rtentry2.o(.ARM.Collect$$rtentry$$00000002)
    __rt_entry_sh                            0x08004259   Thumb Code     0  __rtentry4.o(.ARM.Collect$$rtentry$$00000004)
    __rt_entry_li                            0x0800425f   Thumb Code     0  __rtentry2.o(.ARM.Collect$$rtentry$$0000000A)
    __rt_entry_postsh_1                      0x0800425f   Thumb Code     0  __rtentry2.o(.ARM.Collect$$rtentry$$00000009)
    __rt_entry_main                          0x08004263   Thumb Code     0  __rtentry2.o(.ARM.Collect$$rtentry$$0000000D)
    __rt_entry_postli_1                      0x08004263   Thumb Code     0  __rtentry2.o(.ARM.Collect$$rtentry$$0000000C)
    __rt_exit                                0x0800426b   Thumb Code     0  rtexit.o(.ARM.Collect$$rtexit$$00000000)
    __rt_exit_ls                             0x0800426d   Thumb Code     0  rtexit2.o(.ARM.Collect$$rtexit$$00000003)
    __rt_exit_prels_1                        0x0800426d   Thumb Code     0  rtexit2.o(.ARM.Collect$$rtexit$$00000002)
    __rt_exit_exit                           0x08004271   Thumb Code     0  rtexit2.o(.ARM.Collect$$rtexit$$00000004)
    __get_PSP                                0x08004279   Thumb Code     6  core_cm3.o(.emb_text)
    __set_PSP                                0x0800427f   Thumb Code     6  core_cm3.o(.emb_text)
    __get_MSP                                0x08004285   Thumb Code     6  core_cm3.o(.emb_text)
    __set_MSP                                0x0800428b   Thumb Code     6  core_cm3.o(.emb_text)
    __REV16                                  0x08004291   Thumb Code     4  core_cm3.o(.emb_text)
    __REVSH                                  0x08004295   Thumb Code     4  core_cm3.o(.emb_text)
    SVC_Handler                              0x08004299   Thumb Code    20  stm32f10x_it.o(.emb_text)
    PendSV_Handler                           0x080042ad   Thumb Code    60  stm32f10x_it.o(.emb_text)
    Reset_Handler                            0x080042f5   Thumb Code     8  startup_stm32f10x_hd.o(.text)
    ADC1_2_IRQHandler                        0x0800430f   Thumb Code     0  startup_stm32f10x_hd.o(.text)
    ADC3_IRQHandler                          0x0800430f   Thumb Code     0  startup_stm32f10x_hd.o(.text)
    CAN1_RX1_IRQHandler                      0x0800430f   Thumb Code     0  startup_stm32f10x_hd.o(.text)
    CAN1_SCE_IRQHandler                      0x0800430f   Thumb Code     0  startup_stm32f10x_hd.o(.text)
    DMA1_Channel1_IRQHandler                 0x0800430f   Thumb Code     0  startup_stm32f10x_hd.o(.text)
    DMA1_Channel2_IRQHandler                 0x0800430f   Thumb Code     0  startup_stm32f10x_hd.o(.text)
    DMA1_Channel3_IRQHandler                 0x0800430f   Thumb Code     0  startup_stm32f10x_hd.o(.text)
    DMA1_Channel4_IRQHandler                 0x0800430f   Thumb Code     0  startup_stm32f10x_hd.o(.text)
    DMA1_Channel5_IRQHandler                 0x0800430f   Thumb Code     0  startup_stm32f10x_hd.o(.text)
    DMA1_Channel6_IRQHandler                 0x0800430f   Thumb Code     0  startup_stm32f10x_hd.o(.text)
    DMA1_Channel7_IRQHandler                 0x0800430f   Thumb Code     0  startup_stm32f10x_hd.o(.text)
    DMA2_Channel1_IRQHandler                 0x0800430f   Thumb Code     0  startup_stm32f10x_hd.o(.text)
    DMA2_Channel2_IRQHandler                 0x0800430f   Thumb Code     0  startup_stm32f10x_hd.o(.text)
    DMA2_Channel3_IRQHandler                 0x0800430f   Thumb Code     0  startup_stm32f10x_hd.o(.text)
    DMA2_Channel4_5_IRQHandler               0x0800430f   Thumb Code     0  startup_stm32f10x_hd.o(.text)
    EXTI15_10_IRQHandler                     0x0800430f   Thumb Code     0  startup_stm32f10x_hd.o(.text)
    EXTI1_IRQHandler                         0x0800430f   Thumb Code     0  startup_stm32f10x_hd.o(.text)
    EXTI2_IRQHandler                         0x0800430f   Thumb Code     0  startup_stm32f10x_hd.o(.text)
    EXTI3_IRQHandler                         0x0800430f   Thumb Code     0  startup_stm32f10x_hd.o(.text)
    EXTI4_IRQHandler                         0x0800430f   Thumb Code     0  startup_stm32f10x_hd.o(.text)
    EXTI9_5_IRQHandler                       0x0800430f   Thumb Code     0  startup_stm32f10x_hd.o(.text)
    FLASH_IRQHandler                         0x0800430f   Thumb Code     0  startup_stm32f10x_hd.o(.text)
    FSMC_IRQHandler                          0x0800430f   Thumb Code     0  startup_stm32f10x_hd.o(.text)
    I2C1_ER_IRQHandler                       0x0800430f   Thumb Code     0  startup_stm32f10x_hd.o(.text)
    I2C1_EV_IRQHandler                       0x0800430f   Thumb Code     0  startup_stm32f10x_hd.o(.text)
    I2C2_ER_IRQHandler                       0x0800430f   Thumb Code     0  startup_stm32f10x_hd.o(.text)
    I2C2_EV_IRQHandler                       0x0800430f   Thumb Code     0  startup_stm32f10x_hd.o(.text)
    PVD_IRQHandler                           0x0800430f   Thumb Code     0  startup_stm32f10x_hd.o(.text)
    RCC_IRQHandler                           0x0800430f   Thumb Code     0  startup_stm32f10x_hd.o(.text)
    RTCAlarm_IRQHandler                      0x0800430f   Thumb Code     0  startup_stm32f10x_hd.o(.text)
    SDIO_IRQHandler                          0x0800430f   Thumb Code     0  startup_stm32f10x_hd.o(.text)
    SPI1_IRQHandler                          0x0800430f   Thumb Code     0  startup_stm32f10x_hd.o(.text)
    SPI2_IRQHandler                          0x0800430f   Thumb Code     0  startup_stm32f10x_hd.o(.text)
    SPI3_IRQHandler                          0x0800430f   Thumb Code     0  startup_stm32f10x_hd.o(.text)
    TAMPER_IRQHandler                        0x0800430f   Thumb Code     0  startup_stm32f10x_hd.o(.text)
    TIM1_BRK_IRQHandler                      0x0800430f   Thumb Code     0  startup_stm32f10x_hd.o(.text)
    TIM1_CC_IRQHandler                       0x0800430f   Thumb Code     0  startup_stm32f10x_hd.o(.text)
    TIM1_TRG_COM_IRQHandler                  0x0800430f   Thumb Code     0  startup_stm32f10x_hd.o(.text)
    TIM1_UP_IRQHandler                       0x0800430f   Thumb Code     0  startup_stm32f10x_hd.o(.text)
    TIM2_IRQHandler                          0x0800430f   Thumb Code     0  startup_stm32f10x_hd.o(.text)
    TIM3_IRQHandler                          0x0800430f   Thumb Code     0  startup_stm32f10x_hd.o(.text)
    TIM4_IRQHandler                          0x0800430f   Thumb Code     0  startup_stm32f10x_hd.o(.text)
    TIM5_IRQHandler                          0x0800430f   Thumb Code     0  startup_stm32f10x_hd.o(.text)
    TIM6_IRQHandler                          0x0800430f   Thumb Code     0  startup_stm32f10x_hd.o(.text)
    TIM7_IRQHandler                          0x0800430f   Thumb Code     0  startup_stm32f10x_hd.o(.text)
    TIM8_BRK_IRQHandler                      0x0800430f   Thumb Code     0  startup_stm32f10x_hd.o(.text)
    TIM8_CC_IRQHandler                       0x0800430f   Thumb Code     0  startup_stm32f10x_hd.o(.text)
    TIM8_TRG_COM_IRQHandler                  0x0800430f   Thumb Code     0  startup_stm32f10x_hd.o(.text)
    TIM8_UP_IRQHandler                       0x0800430f   Thumb Code     0  startup_stm32f10x_hd.o(.text)
    UART4_IRQHandler                         0x0800430f   Thumb Code     0  startup_stm32f10x_hd.o(.text)
    UART5_IRQHandler                         0x0800430f   Thumb Code     0  startup_stm32f10x_hd.o(.text)
    USART3_IRQHandler                        0x0800430f   Thumb Code     0  startup_stm32f10x_hd.o(.text)
    USBWakeUp_IRQHandler                     0x0800430f   Thumb Code     0  startup_stm32f10x_hd.o(.text)
    USB_HP_CAN1_TX_IRQHandler                0x0800430f   Thumb Code     0  startup_stm32f10x_hd.o(.text)
    USB_LP_CAN1_RX0_IRQHandler               0x0800430f   Thumb Code     0  startup_stm32f10x_hd.o(.text)
    WWDG_IRQHandler                          0x0800430f   Thumb Code     0  startup_stm32f10x_hd.o(.text)
    __user_initial_stackheap                 0x08004311   Thumb Code     0  startup_stm32f10x_hd.o(.text)
    __c89vsnprintf                           0x08004335   Thumb Code    48  c89vsnprintf.o(.text)
    _printf_int_dec                          0x08004369   Thumb Code   104  _printf_dec.o(.text)
    __printf                                 0x080043e1   Thumb Code   388  __printf_flags_ss_wp.o(.text)
    __use_two_region_memory                  0x08004569   Thumb Code     2  heapauxi.o(.text)
    __rt_heap_escrow                         0x0800456b   Thumb Code     2  heapauxi.o(.text)
    __rt_heap_expand                         0x0800456d   Thumb Code     2  heapauxi.o(.text)
    _printf_pre_padding                      0x0800456f   Thumb Code    44  _printf_pad.o(.text)
    _printf_post_padding                     0x0800459b   Thumb Code    34  _printf_pad.o(.text)
    _printf_truncate_signed                  0x080045bd   Thumb Code    18  _printf_truncate.o(.text)
    _printf_truncate_unsigned                0x080045cf   Thumb Code    18  _printf_truncate.o(.text)
    _printf_str                              0x080045e1   Thumb Code    82  _printf_str.o(.text)
    _printf_int_common                       0x08004633   Thumb Code   178  _printf_intcommon.o(.text)
    _printf_charcount                        0x080046e5   Thumb Code    40  _printf_charcount.o(.text)
    _printf_char_common                      0x08004717   Thumb Code    32  _printf_char_common.o(.text)
    _sputc                                   0x0800473d   Thumb Code    10  _sputc.o(.text)
    _snputc                                  0x08004747   Thumb Code    16  _snputc.o(.text)
    _printf_wctomb                           0x08004759   Thumb Code   182  _printf_wctomb.o(.text)
    _printf_longlong_dec                     0x08004815   Thumb Code   108  _printf_longlong_dec.o(.text)
    _printf_longlong_oct                     0x08004891   Thumb Code    68  _printf_oct_int_ll.o(.text)
    _printf_int_oct                          0x080048d5   Thumb Code    24  _printf_oct_int_ll.o(.text)
    _printf_ll_oct                           0x080048ed   Thumb Code    12  _printf_oct_int_ll.o(.text)
    _printf_longlong_hex                     0x08004901   Thumb Code    86  _printf_hex_int_ll_ptr.o(.text)
    _printf_int_hex                          0x08004957   Thumb Code    28  _printf_hex_int_ll_ptr.o(.text)
    _printf_ll_hex                           0x08004973   Thumb Code    12  _printf_hex_int_ll_ptr.o(.text)
    _printf_hex_ptr                          0x0800497f   Thumb Code    18  _printf_hex_int_ll_ptr.o(.text)
    __user_libspace                          0x08004995   Thumb Code     8  libspace.o(.text)
    __user_perproc_libspace                  0x08004995   Thumb Code     0  libspace.o(.text)
    __user_perthread_libspace                0x08004995   Thumb Code     0  libspace.o(.text)
    __rt_ctype_table                         0x0800499d   Thumb Code    16  rt_ctype_table.o(.text)
    _ll_udiv10                               0x080049ad   Thumb Code   138  lludiv10.o(.text)
    __lib_sel_fp_printf                      0x08004a37   Thumb Code     2  _printf_fp_dec.o(.text)
    _printf_fp_dec_real                      0x08004be5   Thumb Code   620  _printf_fp_dec.o(.text)
    _printf_cs_common                        0x08004e51   Thumb Code    20  _printf_char.o(.text)
    _printf_char                             0x08004e65   Thumb Code    16  _printf_char.o(.text)
    _printf_string                           0x08004e75   Thumb Code     8  _printf_char.o(.text)
    _printf_lcs_common                       0x08004e7d   Thumb Code    20  _printf_wchar.o(.text)
    _printf_wchar                            0x08004e91   Thumb Code    16  _printf_wchar.o(.text)
    _printf_wstring                          0x08004ea1   Thumb Code     8  _printf_wchar.o(.text)
    _wcrtomb                                 0x08004ea9   Thumb Code    64  _wcrtomb.o(.text)
    __I$use$semihosting                      0x08004ee9   Thumb Code     0  use_no_semi.o(.text)
    __use_no_semihosting_swi                 0x08004ee9   Thumb Code     2  use_no_semi.o(.text)
    __semihosting_library_function           0x08004eeb   Thumb Code     0  indicate_semi.o(.text)
    __user_setup_stackheap                   0x08004eeb   Thumb Code    74  sys_stackheap_outer.o(.text)
    __rt_locale                              0x08004f35   Thumb Code     8  rt_locale_intlibspace.o(.text)
    _printf_fp_infnan                        0x08004f3d   Thumb Code   112  _printf_fp_infnan.o(.text)
    _btod_etento                             0x08004fbd   Thumb Code   216  bigflt0.o(.text)
    exit                                     0x08005099   Thumb Code    12  exit.o(.text)
    _sys_exit                                0x080050a5   Thumb Code     8  sys_exit.o(.text)
    strcmp                                   0x080050b1   Thumb Code   128  strcmpv7m.o(.text)
    _btod_d2e                                0x08005131   Thumb Code    62  btod.o(CL$$btod_d2e)
    _d2e_denorm_low                          0x0800516f   Thumb Code    70  btod.o(CL$$btod_d2e_denorm_low)
    _d2e_norm_op1                            0x080051b5   Thumb Code    96  btod.o(CL$$btod_d2e_norm_op1)
    __btod_div_common                        0x08005215   Thumb Code   696  btod.o(CL$$btod_div_common)
    _e2e                                     0x0800554d   Thumb Code   198  btod.o(CL$$btod_e2e)
    _btod_ediv                               0x08005613   Thumb Code    40  btod.o(CL$$btod_ediv)
    _btod_emul                               0x0800563b   Thumb Code    40  btod.o(CL$$btod_emul)
    __btod_mult_common                       0x08005663   Thumb Code   580  btod.o(CL$$btod_mult_common)
    BusFault_Handler                         0x080058a9   Thumb Code    12  stm32f10x_it.o(i.BusFault_Handler)
    DebugMon_Handler                         0x080058f5   Thumb Code     2  stm32f10x_it.o(i.DebugMon_Handler)
    DelayXms                                 0x080058f9   Thumb Code    62  delay.o(i.DelayXms)
    Delay_Init                               0x0800593d   Thumb Code    46  delay.o(i.Delay_Init)
    EXTI0_IRQHandler                         0x08005979   Thumb Code     2  stm32f10x_it.o(i.EXTI0_IRQHandler)
    FLASH_PrefetchBufferCmd                  0x0800597d   Thumb Code    22  stm32f10x_flash.o(i.FLASH_PrefetchBufferCmd)
    FLASH_SetLatency                         0x08005999   Thumb Code    18  stm32f10x_flash.o(i.FLASH_SetLatency)
    GPIO_Init                                0x080059b1   Thumb Code   278  stm32f10x_gpio.o(i.GPIO_Init)
    GPIO_WriteBit                            0x08005ac7   Thumb Code    10  stm32f10x_gpio.o(i.GPIO_WriteBit)
    HardFault_Handler                        0x08005ad1   Thumb Code    12  stm32f10x_it.o(i.HardFault_Handler)
    Hardware_Init                            0x08005b1d   Thumb Code    40  main.o(i.Hardware_Init)
    Led4_Set                                 0x08005b45   Thumb Code    38  led.o(i.Led4_Set)
    Led5_Set                                 0x08005b75   Thumb Code    40  led.o(i.Led5_Set)
    Led6_Set                                 0x08005ba5   Thumb Code    40  led.o(i.Led6_Set)
    Led7_Set                                 0x08005bd5   Thumb Code    40  led.o(i.Led7_Set)
    Led_Init                                 0x08005c05   Thumb Code   120  led.o(i.Led_Init)
    MemManage_Handler                        0x08005c85   Thumb Code    12  stm32f10x_it.o(i.MemManage_Handler)
    NMI_Handler                              0x08005cd1   Thumb Code     2  stm32f10x_it.o(i.NMI_Handler)
    NVIC_Init                                0x08005cd5   Thumb Code   100  misc.o(i.NVIC_Init)
    NVIC_PriorityGroupConfig                 0x08005d45   Thumb Code    10  misc.o(i.NVIC_PriorityGroupConfig)
    RCC_AHBPeriphClockCmd                    0x08005d81   Thumb Code    26  stm32f10x_rcc.o(i.RCC_AHBPeriphClockCmd)
    RCC_APB1PeriphClockCmd                   0x08005da1   Thumb Code    26  stm32f10x_rcc.o(i.RCC_APB1PeriphClockCmd)
    RCC_APB2PeriphClockCmd                   0x08005dc1   Thumb Code    26  stm32f10x_rcc.o(i.RCC_APB2PeriphClockCmd)
    RCC_Configuration                        0x08005de1   Thumb Code   136  main.o(i.RCC_Configuration)
    RCC_DeInit                               0x08005e69   Thumb Code    64  stm32f10x_rcc.o(i.RCC_DeInit)
    RCC_GetClocksFreq                        0x08005eb5   Thumb Code   192  stm32f10x_rcc.o(i.RCC_GetClocksFreq)
    RCC_GetFlagStatus                        0x08005f89   Thumb Code    56  stm32f10x_rcc.o(i.RCC_GetFlagStatus)
    RCC_GetSYSCLKSource                      0x08005fc5   Thumb Code    10  stm32f10x_rcc.o(i.RCC_GetSYSCLKSource)
    RCC_HCLKConfig                           0x08005fd5   Thumb Code    18  stm32f10x_rcc.o(i.RCC_HCLKConfig)
    RCC_HSEConfig                            0x08005fed   Thumb Code    70  stm32f10x_rcc.o(i.RCC_HSEConfig)
    RCC_PCLK1Config                          0x08006039   Thumb Code    18  stm32f10x_rcc.o(i.RCC_PCLK1Config)
    RCC_PCLK2Config                          0x08006051   Thumb Code    20  stm32f10x_rcc.o(i.RCC_PCLK2Config)
    RCC_PLLCmd                               0x08006069   Thumb Code     6  stm32f10x_rcc.o(i.RCC_PLLCmd)
    RCC_PLLConfig                            0x08006075   Thumb Code    24  stm32f10x_rcc.o(i.RCC_PLLConfig)
    RCC_SYSCLKConfig                         0x08006091   Thumb Code    18  stm32f10x_rcc.o(i.RCC_SYSCLKConfig)
    RCC_WaitForHSEStartUp                    0x080060a9   Thumb Code    56  stm32f10x_rcc.o(i.RCC_WaitForHSEStartUp)
    RTC_IRQHandler                           0x080060e1   Thumb Code     2  stm32f10x_it.o(i.RTC_IRQHandler)
    SVC_Handler_Main                         0x080060e3   Thumb Code    52  main.o(i.SVC_Handler_Main)
    SysTick_Handler                          0x08006201   Thumb Code    86  stm32f10x_it.o(i.SysTick_Handler)
    SystemInit                               0x08006269   Thumb Code    76  system_stm32f10x.o(i.SystemInit)
    USART1_IRQHandler                        0x080062c9   Thumb Code    24  usart.o(i.USART1_IRQHandler)
    USART2_IRQHandler                        0x080062e5   Thumb Code    62  esp8266.o(i.USART2_IRQHandler)
    USART_ClearFlag                          0x08006331   Thumb Code    18  stm32f10x_usart.o(i.USART_ClearFlag)
    USART_Cmd                                0x08006343   Thumb Code    24  stm32f10x_usart.o(i.USART_Cmd)
    USART_GetFlagStatus                      0x0800635b   Thumb Code    26  stm32f10x_usart.o(i.USART_GetFlagStatus)
    USART_GetITStatus                        0x08006375   Thumb Code    84  stm32f10x_usart.o(i.USART_GetITStatus)
    USART_ITConfig                           0x080063c9   Thumb Code    74  stm32f10x_usart.o(i.USART_ITConfig)
    USART_Init                               0x08006415   Thumb Code   210  stm32f10x_usart.o(i.USART_Init)
    USART_SendData                           0x080064ed   Thumb Code     8  stm32f10x_usart.o(i.USART_SendData)
    UsageFault_Handler                       0x080064f5   Thumb Code    12  stm32f10x_it.o(i.UsageFault_Handler)
    Usart1_Init                              0x08006545   Thumb Code   166  usart.o(i.Usart1_Init)
    Usart2_Init                              0x080065f5   Thumb Code   162  usart.o(i.Usart2_Init)
    UsartPrintf                              0x080066a1   Thumb Code    72  usart.o(i.UsartPrintf)
    __ARM_fpclassify                         0x080066e9   Thumb Code    40  fpclassify.o(i.__ARM_fpclassify)
    _is_digit                                0x08006711   Thumb Code    14  __printf_wp.o(i._is_digit)
    main                                     0x08006721   Thumb Code   214  main.o(i.main)
    task0                                    0x0800682d   Thumb Code    44  main.o(i.task0)
    task1                                    0x08006861   Thumb Code    44  main.o(i.task1)
    task2                                    0x08006895   Thumb Code    46  main.o(i.task2)
    task3                                    0x080068cd   Thumb Code    46  main.o(i.task3)
    _get_lc_ctype                            0x08006905   Thumb Code    44  lc_ctype_c.o(locale$$code)
    _get_lc_numeric                          0x08006931   Thumb Code    44  lc_numeric_c.o(locale$$code)
    _printf_fp_dec                           0x0800695d   Thumb Code     4  printf1.o(x$fpl$printf1)
    __I$use$fp                               0x08006960   Number         0  usenofp.o(x$fpl$usenofp)
    Region$$Table$$Base                      0x08006a38   Number         0  anon$$obj.o(Region$$Table)
    Region$$Table$$Limit                     0x08006a58   Number         0  anon$$obj.o(Region$$Table)
    __ctype                                  0x08006a65   Data           0  lc_ctype_c.o(locale$$data)
    SystickTime                              0x20000014   Data           4  delay.o(.data)
    UsCount                                  0x20000018   Data           1  delay.o(.data)
    MsCount                                  0x2000001c   Data           4  delay.o(.data)
    a                                        0x20000020   Data           4  delay.o(.data)
    led_status                               0x20000024   Data           4  led.o(.data)
    systick_count                            0x20000028   Data           4  main.o(.data)
    curr_task                                0x2000002c   Data           4  main.o(.data)
    next_task                                0x20000030   Data           4  main.o(.data)
    x                                        0x20000034   Data           4  main.o(.data)
    y                                        0x20000038   Data           4  main.o(.data)
    z                                        0x2000003c   Data           4  main.o(.data)
    esp8266_cnt                              0x20000040   Data           2  esp8266.o(.data)
    esp8266_cntPre                           0x20000042   Data           2  esp8266.o(.data)
    task0_stack                              0x20000048   Data         256  main.o(.bss)
    task1_stack                              0x20000148   Data         256  main.o(.bss)
    task2_stack                              0x20000248   Data         256  main.o(.bss)
    task3_stack                              0x20000348   Data         256  main.o(.bss)
    PSP_array                                0x20000448   Data          16  main.o(.bss)
    esp8266_buf                              0x20000458   Data         128  esp8266.o(.bss)
    __libspace_start                         0x200004d8   Data          96  libspace.o(.bss)
    __temporary_stack_top$libspace           0x20000538   Data           0  libspace.o(.bss)



==============================================================================

Memory Map of the image

  Image Entry point : 0x08004131

  Load Region LR_IROM1 (Base: 0x08004000, Size: 0x00002bc8, Max: 0x00080000, ABSOLUTE)

    Execution Region ER_IROM1 (Base: 0x08004000, Size: 0x00002b84, Max: 0x00080000, ABSOLUTE)

    Base Addr    Size         Type   Attr      Idx    E Section Name        Object

    0x08004000   0x00000130   Data   RO          216    RESET               startup_stm32f10x_hd.o
    0x08004130   0x00000008   Code   RO         1538  * !!!main             c_w.l(__main.o)
    0x08004138   0x00000034   Code   RO         1882    !!!scatter          c_w.l(__scatter.o)
    0x0800416c   0x0000001a   Code   RO         1884    !!handler_copy      c_w.l(__scatter_copy.o)
    0x08004186   0x00000002   PAD
    0x08004188   0x0000001c   Code   RO         1886    !!handler_zi        c_w.l(__scatter_zi.o)
    0x080041a4   0x00000000   Code   RO         1517    .ARM.Collect$$_printf_percent$$00000000  c_w.l(_printf_percent.o)
    0x080041a4   0x00000006   Code   RO         1623    .ARM.Collect$$_printf_percent$$00000001  c_w.l(_printf_n.o)
    0x080041aa   0x00000006   Code   RO         1625    .ARM.Collect$$_printf_percent$$00000002  c_w.l(_printf_p.o)
    0x080041b0   0x00000006   Code   RO         1629    .ARM.Collect$$_printf_percent$$00000003  c_w.l(_printf_f.o)
    0x080041b6   0x00000006   Code   RO         1630    .ARM.Collect$$_printf_percent$$00000004  c_w.l(_printf_e.o)
    0x080041bc   0x00000006   Code   RO         1631    .ARM.Collect$$_printf_percent$$00000005  c_w.l(_printf_g.o)
    0x080041c2   0x00000006   Code   RO         1632    .ARM.Collect$$_printf_percent$$00000006  c_w.l(_printf_a.o)
    0x080041c8   0x0000000a   Code   RO         1637    .ARM.Collect$$_printf_percent$$00000007  c_w.l(_printf_ll.o)
    0x080041d2   0x00000006   Code   RO         1627    .ARM.Collect$$_printf_percent$$00000008  c_w.l(_printf_i.o)
    0x080041d8   0x00000006   Code   RO         1516    .ARM.Collect$$_printf_percent$$00000009  c_w.l(_printf_d.o)
    0x080041de   0x00000006   Code   RO         1628    .ARM.Collect$$_printf_percent$$0000000A  c_w.l(_printf_u.o)
    0x080041e4   0x00000006   Code   RO         1626    .ARM.Collect$$_printf_percent$$0000000B  c_w.l(_printf_o.o)
    0x080041ea   0x00000006   Code   RO         1624    .ARM.Collect$$_printf_percent$$0000000C  c_w.l(_printf_x.o)
    0x080041f0   0x00000006   Code   RO         1634    .ARM.Collect$$_printf_percent$$0000000D  c_w.l(_printf_lli.o)
    0x080041f6   0x00000006   Code   RO         1635    .ARM.Collect$$_printf_percent$$0000000E  c_w.l(_printf_lld.o)
    0x080041fc   0x00000006   Code   RO         1636    .ARM.Collect$$_printf_percent$$0000000F  c_w.l(_printf_llu.o)
    0x08004202   0x00000006   Code   RO         1641    .ARM.Collect$$_printf_percent$$00000010  c_w.l(_printf_llo.o)
    0x08004208   0x00000006   Code   RO         1642    .ARM.Collect$$_printf_percent$$00000011  c_w.l(_printf_llx.o)
    0x0800420e   0x0000000a   Code   RO         1638    .ARM.Collect$$_printf_percent$$00000012  c_w.l(_printf_l.o)
    0x08004218   0x00000006   Code   RO         1621    .ARM.Collect$$_printf_percent$$00000013  c_w.l(_printf_c.o)
    0x0800421e   0x00000006   Code   RO         1622    .ARM.Collect$$_printf_percent$$00000014  c_w.l(_printf_s.o)
    0x08004224   0x00000006   Code   RO         1639    .ARM.Collect$$_printf_percent$$00000015  c_w.l(_printf_lc.o)
    0x0800422a   0x00000006   Code   RO         1640    .ARM.Collect$$_printf_percent$$00000016  c_w.l(_printf_ls.o)
    0x08004230   0x00000004   Code   RO         1633    .ARM.Collect$$_printf_percent$$00000017  c_w.l(_printf_percent_end.o)
    0x08004234   0x00000002   Code   RO         1815    .ARM.Collect$$libinit$$00000000  c_w.l(libinit.o)
    0x08004236   0x00000000   Code   RO         1650    .ARM.Collect$$libinit$$00000002  c_w.l(libinit2.o)
    0x08004236   0x00000000   Code   RO         1652    .ARM.Collect$$libinit$$00000004  c_w.l(libinit2.o)
    0x08004236   0x00000000   Code   RO         1655    .ARM.Collect$$libinit$$0000000A  c_w.l(libinit2.o)
    0x08004236   0x00000000   Code   RO         1657    .ARM.Collect$$libinit$$0000000C  c_w.l(libinit2.o)
    0x08004236   0x00000000   Code   RO         1659    .ARM.Collect$$libinit$$0000000E  c_w.l(libinit2.o)
    0x08004236   0x00000006   Code   RO         1660    .ARM.Collect$$libinit$$0000000F  c_w.l(libinit2.o)
    0x0800423c   0x00000000   Code   RO         1662    .ARM.Collect$$libinit$$00000011  c_w.l(libinit2.o)
    0x0800423c   0x0000000c   Code   RO         1663    .ARM.Collect$$libinit$$00000012  c_w.l(libinit2.o)
    0x08004248   0x00000000   Code   RO         1664    .ARM.Collect$$libinit$$00000013  c_w.l(libinit2.o)
    0x08004248   0x00000000   Code   RO         1666    .ARM.Collect$$libinit$$00000015  c_w.l(libinit2.o)
    0x08004248   0x0000000a   Code   RO         1667    .ARM.Collect$$libinit$$00000016  c_w.l(libinit2.o)
    0x08004252   0x00000000   Code   RO         1668    .ARM.Collect$$libinit$$00000017  c_w.l(libinit2.o)
    0x08004252   0x00000000   Code   RO         1670    .ARM.Collect$$libinit$$00000019  c_w.l(libinit2.o)
    0x08004252   0x00000000   Code   RO         1672    .ARM.Collect$$libinit$$0000001B  c_w.l(libinit2.o)
    0x08004252   0x00000000   Code   RO         1674    .ARM.Collect$$libinit$$0000001D  c_w.l(libinit2.o)
    0x08004252   0x00000000   Code   RO         1676    .ARM.Collect$$libinit$$0000001F  c_w.l(libinit2.o)
    0x08004252   0x00000000   Code   RO         1678    .ARM.Collect$$libinit$$00000021  c_w.l(libinit2.o)
    0x08004252   0x00000000   Code   RO         1680    .ARM.Collect$$libinit$$00000023  c_w.l(libinit2.o)
    0x08004252   0x00000000   Code   RO         1682    .ARM.Collect$$libinit$$00000025  c_w.l(libinit2.o)
    0x08004252   0x00000000   Code   RO         1686    .ARM.Collect$$libinit$$0000002C  c_w.l(libinit2.o)
    0x08004252   0x00000000   Code   RO         1688    .ARM.Collect$$libinit$$0000002E  c_w.l(libinit2.o)
    0x08004252   0x00000000   Code   RO         1690    .ARM.Collect$$libinit$$00000030  c_w.l(libinit2.o)
    0x08004252   0x00000000   Code   RO         1692    .ARM.Collect$$libinit$$00000032  c_w.l(libinit2.o)
    0x08004252   0x00000002   Code   RO         1693    .ARM.Collect$$libinit$$00000033  c_w.l(libinit2.o)
    0x08004254   0x00000002   Code   RO         1879    .ARM.Collect$$libshutdown$$00000000  c_w.l(libshutdown.o)
    0x08004256   0x00000000   Code   RO         1837    .ARM.Collect$$libshutdown$$00000003  c_w.l(libshutdown2.o)
    0x08004256   0x00000000   Code   RO         1840    .ARM.Collect$$libshutdown$$00000006  c_w.l(libshutdown2.o)
    0x08004256   0x00000000   Code   RO         1843    .ARM.Collect$$libshutdown$$00000009  c_w.l(libshutdown2.o)
    0x08004256   0x00000000   Code   RO         1845    .ARM.Collect$$libshutdown$$0000000B  c_w.l(libshutdown2.o)
    0x08004256   0x00000000   Code   RO         1848    .ARM.Collect$$libshutdown$$0000000E  c_w.l(libshutdown2.o)
    0x08004256   0x00000002   Code   RO         1849    .ARM.Collect$$libshutdown$$0000000F  c_w.l(libshutdown2.o)
    0x08004258   0x00000000   Code   RO         1542    .ARM.Collect$$rtentry$$00000000  c_w.l(__rtentry.o)
    0x08004258   0x00000000   Code   RO         1702    .ARM.Collect$$rtentry$$00000002  c_w.l(__rtentry2.o)
    0x08004258   0x00000006   Code   RO         1714    .ARM.Collect$$rtentry$$00000004  c_w.l(__rtentry4.o)
    0x0800425e   0x00000000   Code   RO         1704    .ARM.Collect$$rtentry$$00000009  c_w.l(__rtentry2.o)
    0x0800425e   0x00000004   Code   RO         1705    .ARM.Collect$$rtentry$$0000000A  c_w.l(__rtentry2.o)
    0x08004262   0x00000000   Code   RO         1707    .ARM.Collect$$rtentry$$0000000C  c_w.l(__rtentry2.o)
    0x08004262   0x00000008   Code   RO         1708    .ARM.Collect$$rtentry$$0000000D  c_w.l(__rtentry2.o)
    0x0800426a   0x00000002   Code   RO         1823    .ARM.Collect$$rtexit$$00000000  c_w.l(rtexit.o)
    0x0800426c   0x00000000   Code   RO         1853    .ARM.Collect$$rtexit$$00000002  c_w.l(rtexit2.o)
    0x0800426c   0x00000004   Code   RO         1854    .ARM.Collect$$rtexit$$00000003  c_w.l(rtexit2.o)
    0x08004270   0x00000006   Code   RO         1855    .ARM.Collect$$rtexit$$00000004  c_w.l(rtexit2.o)
    0x08004276   0x00000002   PAD
    0x08004278   0x00000020   Code   RO            1    .emb_text           core_cm3.o
    0x08004298   0x0000005c   Code   RO          136    .emb_text           stm32f10x_it.o
    0x080042f4   0x00000040   Code   RO          217    .text               startup_stm32f10x_hd.o
    0x08004334   0x00000034   Code   RO         1486    .text               c_w.l(c89vsnprintf.o)
    0x08004368   0x00000078   Code   RO         1494    .text               c_w.l(_printf_dec.o)
    0x080043e0   0x00000188   Code   RO         1513    .text               c_w.l(__printf_flags_ss_wp.o)
    0x08004568   0x00000006   Code   RO         1536    .text               c_w.l(heapauxi.o)
    0x0800456e   0x0000004e   Code   RO         1573    .text               c_w.l(_printf_pad.o)
    0x080045bc   0x00000024   Code   RO         1575    .text               c_w.l(_printf_truncate.o)
    0x080045e0   0x00000052   Code   RO         1577    .text               c_w.l(_printf_str.o)
    0x08004632   0x000000b2   Code   RO         1579    .text               c_w.l(_printf_intcommon.o)
    0x080046e4   0x00000028   Code   RO         1581    .text               c_w.l(_printf_charcount.o)
    0x0800470c   0x00000030   Code   RO         1583    .text               c_w.l(_printf_char_common.o)
    0x0800473c   0x0000000a   Code   RO         1585    .text               c_w.l(_sputc.o)
    0x08004746   0x00000010   Code   RO         1587    .text               c_w.l(_snputc.o)
    0x08004756   0x00000002   PAD
    0x08004758   0x000000bc   Code   RO         1589    .text               c_w.l(_printf_wctomb.o)
    0x08004814   0x0000007c   Code   RO         1592    .text               c_w.l(_printf_longlong_dec.o)
    0x08004890   0x00000070   Code   RO         1598    .text               c_w.l(_printf_oct_int_ll.o)
    0x08004900   0x00000094   Code   RO         1618    .text               c_w.l(_printf_hex_int_ll_ptr.o)
    0x08004994   0x00000008   Code   RO         1698    .text               c_w.l(libspace.o)
    0x0800499c   0x00000010   Code   RO         1716    .text               c_w.l(rt_ctype_table.o)
    0x080049ac   0x0000008a   Code   RO         1726    .text               c_w.l(lludiv10.o)
    0x08004a36   0x0000041a   Code   RO         1728    .text               c_w.l(_printf_fp_dec.o)
    0x08004e50   0x0000002c   Code   RO         1732    .text               c_w.l(_printf_char.o)
    0x08004e7c   0x0000002c   Code   RO         1734    .text               c_w.l(_printf_wchar.o)
    0x08004ea8   0x00000040   Code   RO         1738    .text               c_w.l(_wcrtomb.o)
    0x08004ee8   0x00000002   Code   RO         1751    .text               c_w.l(use_no_semi.o)
    0x08004eea   0x00000000   Code   RO         1753    .text               c_w.l(indicate_semi.o)
    0x08004eea   0x0000004a   Code   RO         1754    .text               c_w.l(sys_stackheap_outer.o)
    0x08004f34   0x00000008   Code   RO         1761    .text               c_w.l(rt_locale_intlibspace.o)
    0x08004f3c   0x00000080   Code   RO         1765    .text               c_w.l(_printf_fp_infnan.o)
    0x08004fbc   0x000000dc   Code   RO         1769    .text               c_w.l(bigflt0.o)
    0x08005098   0x0000000c   Code   RO         1800    .text               c_w.l(exit.o)
    0x080050a4   0x0000000c   Code   RO         1821    .text               c_w.l(sys_exit.o)
    0x080050b0   0x00000080   Code   RO         1833    .text               c_w.l(strcmpv7m.o)
    0x08005130   0x0000003e   Code   RO         1772    CL$$btod_d2e        c_w.l(btod.o)
    0x0800516e   0x00000046   Code   RO         1774    CL$$btod_d2e_denorm_low  c_w.l(btod.o)
    0x080051b4   0x00000060   Code   RO         1773    CL$$btod_d2e_norm_op1  c_w.l(btod.o)
    0x08005214   0x00000338   Code   RO         1782    CL$$btod_div_common  c_w.l(btod.o)
    0x0800554c   0x000000c6   Code   RO         1779    CL$$btod_e2e        c_w.l(btod.o)
    0x08005612   0x00000028   Code   RO         1776    CL$$btod_ediv       c_w.l(btod.o)
    0x0800563a   0x00000028   Code   RO         1775    CL$$btod_emul       c_w.l(btod.o)
    0x08005662   0x00000244   Code   RO         1781    CL$$btod_mult_common  c_w.l(btod.o)
    0x080058a6   0x00000002   PAD
    0x080058a8   0x0000004c   Code   RO          137    i.BusFault_Handler  stm32f10x_it.o
    0x080058f4   0x00000002   Code   RO          138    i.DebugMon_Handler  stm32f10x_it.o
    0x080058f6   0x00000002   PAD
    0x080058f8   0x00000044   Code   RO          953    i.DelayXms          delay.o
    0x0800593c   0x0000003c   Code   RO          954    i.Delay_Init        delay.o
    0x08005978   0x00000002   Code   RO          139    i.EXTI0_IRQHandler  stm32f10x_it.o
    0x0800597a   0x00000002   PAD
    0x0800597c   0x0000001c   Code   RO          794    i.FLASH_PrefetchBufferCmd  stm32f10x_flash.o
    0x08005998   0x00000018   Code   RO          799    i.FLASH_SetLatency  stm32f10x_flash.o
    0x080059b0   0x00000116   Code   RO          669    i.GPIO_Init         stm32f10x_gpio.o
    0x08005ac6   0x0000000a   Code   RO          680    i.GPIO_WriteBit     stm32f10x_gpio.o
    0x08005ad0   0x0000004c   Code   RO          140    i.HardFault_Handler  stm32f10x_it.o
    0x08005b1c   0x00000028   Code   RO         1135    i.Hardware_Init     main.o
    0x08005b44   0x00000030   Code   RO         1058    i.Led4_Set          led.o
    0x08005b74   0x00000030   Code   RO         1059    i.Led5_Set          led.o
    0x08005ba4   0x00000030   Code   RO         1060    i.Led6_Set          led.o
    0x08005bd4   0x00000030   Code   RO         1061    i.Led7_Set          led.o
    0x08005c04   0x00000080   Code   RO         1062    i.Led_Init          led.o
    0x08005c84   0x0000004c   Code   RO          141    i.MemManage_Handler  stm32f10x_it.o
    0x08005cd0   0x00000002   Code   RO          142    i.NMI_Handler       stm32f10x_it.o
    0x08005cd2   0x00000002   PAD
    0x08005cd4   0x00000070   Code   RO          221    i.NVIC_Init         misc.o
    0x08005d44   0x00000014   Code   RO          222    i.NVIC_PriorityGroupConfig  misc.o
    0x08005d58   0x00000028   Code   RO         1136    i.NVIC_SetPriority  main.o
    0x08005d80   0x00000020   Code   RO          284    i.RCC_AHBPeriphClockCmd  stm32f10x_rcc.o
    0x08005da0   0x00000020   Code   RO          285    i.RCC_APB1PeriphClockCmd  stm32f10x_rcc.o
    0x08005dc0   0x00000020   Code   RO          287    i.RCC_APB2PeriphClockCmd  stm32f10x_rcc.o
    0x08005de0   0x00000088   Code   RO         1137    i.RCC_Configuration  main.o
    0x08005e68   0x0000004c   Code   RO          294    i.RCC_DeInit        stm32f10x_rcc.o
    0x08005eb4   0x000000d4   Code   RO          295    i.RCC_GetClocksFreq  stm32f10x_rcc.o
    0x08005f88   0x0000003c   Code   RO          296    i.RCC_GetFlagStatus  stm32f10x_rcc.o
    0x08005fc4   0x00000010   Code   RO          298    i.RCC_GetSYSCLKSource  stm32f10x_rcc.o
    0x08005fd4   0x00000018   Code   RO          299    i.RCC_HCLKConfig    stm32f10x_rcc.o
    0x08005fec   0x0000004c   Code   RO          300    i.RCC_HSEConfig     stm32f10x_rcc.o
    0x08006038   0x00000018   Code   RO          306    i.RCC_PCLK1Config   stm32f10x_rcc.o
    0x08006050   0x00000018   Code   RO          307    i.RCC_PCLK2Config   stm32f10x_rcc.o
    0x08006068   0x0000000c   Code   RO          308    i.RCC_PLLCmd        stm32f10x_rcc.o
    0x08006074   0x0000001c   Code   RO          309    i.RCC_PLLConfig     stm32f10x_rcc.o
    0x08006090   0x00000018   Code   RO          312    i.RCC_SYSCLKConfig  stm32f10x_rcc.o
    0x080060a8   0x00000038   Code   RO          314    i.RCC_WaitForHSEStartUp  stm32f10x_rcc.o
    0x080060e0   0x00000002   Code   RO          143    i.RTC_IRQHandler    stm32f10x_it.o
    0x080060e2   0x00000034   Code   RO         1138    i.SVC_Handler_Main  main.o
    0x08006116   0x00000008   Code   RO           17    i.SetSysClock       system_stm32f10x.o
    0x0800611e   0x00000002   PAD
    0x08006120   0x000000e0   Code   RO           18    i.SetSysClockTo72   system_stm32f10x.o
    0x08006200   0x00000068   Code   RO          144    i.SysTick_Handler   stm32f10x_it.o
    0x08006268   0x00000060   Code   RO           20    i.SystemInit        system_stm32f10x.o
    0x080062c8   0x0000001c   Code   RO          987    i.USART1_IRQHandler  usart.o
    0x080062e4   0x0000004c   Code   RO         1376    i.USART2_IRQHandler  esp8266.o
    0x08006330   0x00000012   Code   RO          483    i.USART_ClearFlag   stm32f10x_usart.o
    0x08006342   0x00000018   Code   RO          487    i.USART_Cmd         stm32f10x_usart.o
    0x0800635a   0x0000001a   Code   RO          490    i.USART_GetFlagStatus  stm32f10x_usart.o
    0x08006374   0x00000054   Code   RO          491    i.USART_GetITStatus  stm32f10x_usart.o
    0x080063c8   0x0000004a   Code   RO          493    i.USART_ITConfig    stm32f10x_usart.o
    0x08006412   0x00000002   PAD
    0x08006414   0x000000d8   Code   RO          494    i.USART_Init        stm32f10x_usart.o
    0x080064ec   0x00000008   Code   RO          504    i.USART_SendData    stm32f10x_usart.o
    0x080064f4   0x00000050   Code   RO          145    i.UsageFault_Handler  stm32f10x_it.o
    0x08006544   0x000000b0   Code   RO          988    i.Usart1_Init       usart.o
    0x080065f4   0x000000ac   Code   RO          989    i.Usart2_Init       usart.o
    0x080066a0   0x00000048   Code   RO          990    i.UsartPrintf       usart.o
    0x080066e8   0x00000028   Code   RO         1819    i.__ARM_fpclassify  m_ws.l(fpclassify.o)
    0x08006710   0x0000000e   Code   RO         1506    i._is_digit         c_w.l(__printf_wp.o)
    0x0800671e   0x00000002   PAD
    0x08006720   0x0000010c   Code   RO         1139    i.main              main.o
    0x0800682c   0x00000034   Code   RO         1140    i.task0             main.o
    0x08006860   0x00000034   Code   RO         1141    i.task1             main.o
    0x08006894   0x00000038   Code   RO         1142    i.task2             main.o
    0x080068cc   0x00000038   Code   RO         1143    i.task3             main.o
    0x08006904   0x0000002c   Code   RO         1795    locale$$code        c_w.l(lc_ctype_c.o)
    0x08006930   0x0000002c   Code   RO         1798    locale$$code        c_w.l(lc_numeric_c.o)
    0x0800695c   0x00000004   Code   RO         1694    x$fpl$printf1       fz_ws.l(printf1.o)
    0x08006960   0x00000000   Code   RO         1818    x$fpl$usenofp       fz_ws.l(usenofp.o)
    0x08006960   0x00000011   Data   RO         1514    .constdata          c_w.l(__printf_flags_ss_wp.o)
    0x08006971   0x00000003   PAD
    0x08006974   0x00000008   Data   RO         1590    .constdata          c_w.l(_printf_wctomb.o)
    0x0800697c   0x00000028   Data   RO         1619    .constdata          c_w.l(_printf_hex_int_ll_ptr.o)
    0x080069a4   0x00000094   Data   RO         1770    .constdata          c_w.l(bigflt0.o)
    0x08006a38   0x00000020   Data   RO         1880    Region$$Table       anon$$obj.o
    0x08006a58   0x00000110   Data   RO         1794    locale$$data        c_w.l(lc_ctype_c.o)
    0x08006b68   0x0000001c   Data   RO         1797    locale$$data        c_w.l(lc_numeric_c.o)


    Execution Region RW_IRAM1 (Base: 0x20000000, Size: 0x00000d38, Max: 0x00010000, ABSOLUTE)

    Base Addr    Size         Type   Attr      Idx    E Section Name        Object

    0x20000000   0x00000014   Data   RW          315    .data               stm32f10x_rcc.o
    0x20000014   0x00000010   Data   RW          955    .data               delay.o
    0x20000024   0x00000004   Data   RW         1065    .data               led.o
    0x20000028   0x00000018   Data   RW         1145    .data               main.o
    0x20000040   0x00000004   Data   RW         1378    .data               esp8266.o
    0x20000044   0x00000004   PAD
    0x20000048   0x00000410   Zero   RW         1144    .bss                main.o
    0x20000458   0x00000080   Zero   RW         1377    .bss                esp8266.o
    0x200004d8   0x00000060   Zero   RW         1699    .bss                c_w.l(libspace.o)
    0x20000538   0x00000400   Zero   RW          215    HEAP                startup_stm32f10x_hd.o
    0x20000938   0x00000400   Zero   RW          214    STACK               startup_stm32f10x_hd.o


==============================================================================

Image component sizes


      Code (inc. data)   RO Data    RW Data    ZI Data      Debug   Object Name

        32          0          0          0          0       5020   core_cm3.o
       128         20          0         16          0       1192   delay.o
        76         14          0          4        128       1393   esp8266.o
       320         42          0          4          0       3291   led.o
       752         98          0         24       1040      20219   main.o
       132         22          0          0          0     206071   misc.o
        64         26        304          0       2048        788   startup_stm32f10x_hd.o
        52         12          0          0          0        989   stm32f10x_flash.o
       288          0          0          0          0       2364   stm32f10x_gpio.o
       512        294          0          0          0       4107   stm32f10x_it.o
       728         98          0         20          0      10174   stm32f10x_rcc.o
       450          6          0          0          0       5715   stm32f10x_usart.o
       328         30          0          0          0      24781   system_stm32f10x.o
       448         24          0          0          0       3426   usart.o

    ----------------------------------------------------------------------
      4320        686        336         68       3220     289530   Object Totals
         0          0         32          0          0          0   (incl. Generated)
        10          0          0          0          4          0   (incl. Padding)

    ----------------------------------------------------------------------

      Code (inc. data)   RO Data    RW Data    ZI Data      Debug   Library Member Name

         8          0          0          0          0         68   __main.o
       392          4         17          0          0         92   __printf_flags_ss_wp.o
        14          0          0          0          0         68   __printf_wp.o
         0          0          0          0          0          0   __rtentry.o
        12          0          0          0          0          0   __rtentry2.o
         6          0          0          0          0          0   __rtentry4.o
        52          8          0          0          0          0   __scatter.o
        26          0          0          0          0          0   __scatter_copy.o
        28          0          0          0          0          0   __scatter_zi.o
         6          0          0          0          0          0   _printf_a.o
         6          0          0          0          0          0   _printf_c.o
        44          0          0          0          0        108   _printf_char.o
        48          6          0          0          0         96   _printf_char_common.o
        40          0          0          0          0         68   _printf_charcount.o
         6          0          0          0          0          0   _printf_d.o
       120         16          0          0          0         92   _printf_dec.o
         6          0          0          0          0          0   _printf_e.o
         6          0          0          0          0          0   _printf_f.o
      1050          0          0          0          0        216   _printf_fp_dec.o
       128         16          0          0          0         84   _printf_fp_infnan.o
         6          0          0          0          0          0   _printf_g.o
       148          4         40          0          0        160   _printf_hex_int_ll_ptr.o
         6          0          0          0          0          0   _printf_i.o
       178          0          0          0          0         88   _printf_intcommon.o
        10          0          0          0          0          0   _printf_l.o
         6          0          0          0          0          0   _printf_lc.o
        10          0          0          0          0          0   _printf_ll.o
         6          0          0          0          0          0   _printf_lld.o
         6          0          0          0          0          0   _printf_lli.o
         6          0          0          0          0          0   _printf_llo.o
         6          0          0          0          0          0   _printf_llu.o
         6          0          0          0          0          0   _printf_llx.o
       124         16          0          0          0         92   _printf_longlong_dec.o
         6          0          0          0          0          0   _printf_ls.o
         6          0          0          0          0          0   _printf_n.o
         6          0          0          0          0          0   _printf_o.o
       112          8          0          0          0        124   _printf_oct_int_ll.o
         6          0          0          0          0          0   _printf_p.o
        78          0          0          0          0        108   _printf_pad.o
         0          0          0          0          0          0   _printf_percent.o
         4          0          0          0          0          0   _printf_percent_end.o
         6          0          0          0          0          0   _printf_s.o
        82          0          0          0          0         80   _printf_str.o
        36          0          0          0          0         84   _printf_truncate.o
         6          0          0          0          0          0   _printf_u.o
        44          0          0          0          0        108   _printf_wchar.o
       188          6          8          0          0         92   _printf_wctomb.o
         6          0          0          0          0          0   _printf_x.o
        16          0          0          0          0         68   _snputc.o
        10          0          0          0          0         68   _sputc.o
        64          0          0          0          0         92   _wcrtomb.o
       220          4        148          0          0         96   bigflt0.o
      1910        128          0          0          0        672   btod.o
        52          4          0          0          0         80   c89vsnprintf.o
        12          0          0          0          0         72   exit.o
         6          0          0          0          0        152   heapauxi.o
         0          0          0          0          0          0   indicate_semi.o
        44         10        272          0          0         76   lc_ctype_c.o
        44         10         28          0          0         76   lc_numeric_c.o
         2          0          0          0          0          0   libinit.o
        30          0          0          0          0          0   libinit2.o
         2          0          0          0          0          0   libshutdown.o
         2          0          0          0          0          0   libshutdown2.o
         8          4          0          0         96         68   libspace.o
       138          0          0          0          0         80   lludiv10.o
        16          4          0          0          0         76   rt_ctype_table.o
         8          4          0          0          0         68   rt_locale_intlibspace.o
         2          0          0          0          0          0   rtexit.o
        10          0          0          0          0          0   rtexit2.o
       128          0          0          0          0         68   strcmpv7m.o
        12          4          0          0          0         68   sys_exit.o
        74          0          0          0          0         80   sys_stackheap_outer.o
         2          0          0          0          0         68   use_no_semi.o
         4          0          0          0          0         68   printf1.o
         0          0          0          0          0          0   usenofp.o
        40          0          0          0          0         68   fpclassify.o

    ----------------------------------------------------------------------
      5968        256        516          0         96       3992   Library Totals
        10          0          3          0          0          0   (incl. Padding)

    ----------------------------------------------------------------------

      Code (inc. data)   RO Data    RW Data    ZI Data      Debug   Library Name

      5914        256        513          0         96       3856   c_w.l
         4          0          0          0          0         68   fz_ws.l
        40          0          0          0          0         68   m_ws.l

    ----------------------------------------------------------------------
      5968        256        516          0         96       3992   Library Totals

    ----------------------------------------------------------------------

==============================================================================


      Code (inc. data)   RO Data    RW Data    ZI Data      Debug   

     10288        942        852         68       3316     288318   Grand Totals
     10288        942        852         68       3316     288318   ELF Image Totals
     10288        942        852         68          0          0   ROM Totals

==============================================================================

    Total RO  Size (Code + RO Data)                11140 (  10.88kB)
    Total RW  Size (RW Data + ZI Data)              3384 (   3.30kB)
    Total ROM Size (Code + RO Data + RW Data)      11208 (  10.95kB)

==============================================================================

